Component: ARM Compiler 5.06 update 7 (build 960) Tool: armlink [4d3601]

==============================================================================

Section Cross References

    bluenrg1_adc.o(i.ADC_AutoOffsetUpdate) refers to main.o(i.assert_failed) for assert_failed
    bluenrg1_adc.o(i.ADC_AutoOffsetUpdate) refers to bluenrg1_adc.o(.conststring) for .conststring
    bluenrg1_adc.o(i.ADC_Calibration) refers to main.o(i.assert_failed) for assert_failed
    bluenrg1_adc.o(i.ADC_Calibration) refers to bluenrg1_adc.o(.conststring) for .conststring
    bluenrg1_adc.o(i.ADC_Cmd) refers to main.o(i.assert_failed) for assert_failed
    bluenrg1_adc.o(i.ADC_Cmd) refers to bluenrg1_adc.o(.conststring) for .conststring
    bluenrg1_adc.o(i.ADC_CompensateOutputValue) refers to fmul.o(.text) for __aeabi_fmul
    bluenrg1_adc.o(i.ADC_CompensateOutputValue) refers to fadd.o(.text) for __aeabi_fsub
    bluenrg1_adc.o(i.ADC_CompensateOutputValue) refers to bluenrg1_adc.o(.data) for slope
    bluenrg1_adc.o(i.ADC_ConversionMode) refers to main.o(i.assert_failed) for assert_failed
    bluenrg1_adc.o(i.ADC_ConversionMode) refers to bluenrg1_adc.o(.conststring) for .conststring
    bluenrg1_adc.o(i.ADC_ConvertBatterySensor) refers to bluenrg1_adc.o(i.ADC_ConvertSingleEndedVoltage) for ADC_ConvertSingleEndedVoltage
    bluenrg1_adc.o(i.ADC_ConvertBatterySensor) refers to fmul.o(.text) for __aeabi_fmul
    bluenrg1_adc.o(i.ADC_ConvertDifferentialVoltage) refers to ffltui.o(.text) for __aeabi_ui2f
    bluenrg1_adc.o(i.ADC_ConvertDifferentialVoltage) refers to fflti.o(.text) for __aeabi_i2f
    bluenrg1_adc.o(i.ADC_ConvertDifferentialVoltage) refers to fdiv.o(.text) for __aeabi_fdiv
    bluenrg1_adc.o(i.ADC_ConvertDifferentialVoltage) refers to fadd.o(.text) for __aeabi_fadd
    bluenrg1_adc.o(i.ADC_ConvertDifferentialVoltage) refers to fmul.o(.text) for __aeabi_fmul
    bluenrg1_adc.o(i.ADC_ConvertSingleEndedVoltage) refers to ffltui.o(.text) for __aeabi_ui2f
    bluenrg1_adc.o(i.ADC_ConvertSingleEndedVoltage) refers to fflti.o(.text) for __aeabi_i2f
    bluenrg1_adc.o(i.ADC_ConvertSingleEndedVoltage) refers to fdiv.o(.text) for __aeabi_fdiv
    bluenrg1_adc.o(i.ADC_ConvertSingleEndedVoltage) refers to fmul.o(.text) for __aeabi_fmul
    bluenrg1_adc.o(i.ADC_ConvertSingleEndedVoltage) refers to f2d.o(.text) for __aeabi_f2d
    bluenrg1_adc.o(i.ADC_ConvertSingleEndedVoltage) refers to dadd.o(.text) for __aeabi_dadd
    bluenrg1_adc.o(i.ADC_ConvertSingleEndedVoltage) refers to fadd.o(.text) for __aeabi_fadd
    bluenrg1_adc.o(i.ADC_ConvertSingleEndedVoltage) refers to dmul.o(.text) for __aeabi_dmul
    bluenrg1_adc.o(i.ADC_ConvertSingleEndedVoltage) refers to d2f.o(.text) for __aeabi_d2f
    bluenrg1_adc.o(i.ADC_ConvertTemperatureSensor) refers to bluenrg1_adc.o(i.ADC_ConvertSingleEndedVoltage) for ADC_ConvertSingleEndedVoltage
    bluenrg1_adc.o(i.ADC_ConvertTemperatureSensor) refers to fmul.o(.text) for __aeabi_fmul
    bluenrg1_adc.o(i.ADC_ConvertTemperatureSensor) refers to fadd.o(.text) for __aeabi_fsub
    bluenrg1_adc.o(i.ADC_ConvertTemperatureSensorFarenait) refers to bluenrg1_adc.o(i.ADC_ConvertSingleEndedVoltage) for ADC_ConvertSingleEndedVoltage
    bluenrg1_adc.o(i.ADC_ConvertTemperatureSensorFarenait) refers to f2d.o(.text) for __aeabi_f2d
    bluenrg1_adc.o(i.ADC_ConvertTemperatureSensorFarenait) refers to dmul.o(.text) for __aeabi_dmul
    bluenrg1_adc.o(i.ADC_ConvertTemperatureSensorFarenait) refers to dadd.o(.text) for __aeabi_dsub
    bluenrg1_adc.o(i.ADC_ConvertTemperatureSensorFarenait) refers to d2f.o(.text) for __aeabi_d2f
    bluenrg1_adc.o(i.ADC_DmaCmd) refers to main.o(i.assert_failed) for assert_failed
    bluenrg1_adc.o(i.ADC_DmaCmd) refers to bluenrg1_adc.o(.conststring) for .conststring
    bluenrg1_adc.o(i.ADC_Filter) refers to main.o(i.assert_failed) for assert_failed
    bluenrg1_adc.o(i.ADC_Filter) refers to bluenrg1_adc.o(.conststring) for .conststring
    bluenrg1_adc.o(i.ADC_GetConvertedData) refers to main.o(i.assert_failed) for assert_failed
    bluenrg1_adc.o(i.ADC_GetConvertedData) refers to bluenrg1_adc.o(i.ADC_GetRawData) for ADC_GetRawData
    bluenrg1_adc.o(i.ADC_GetConvertedData) refers to bluenrg1_adc.o(i.ADC_ConvertSingleEndedVoltage) for ADC_ConvertSingleEndedVoltage
    bluenrg1_adc.o(i.ADC_GetConvertedData) refers to bluenrg1_adc.o(i.ADC_ConvertDifferentialVoltage) for ADC_ConvertDifferentialVoltage
    bluenrg1_adc.o(i.ADC_GetConvertedData) refers to bluenrg1_adc.o(i.ADC_ConvertBatterySensor) for ADC_ConvertBatterySensor
    bluenrg1_adc.o(i.ADC_GetConvertedData) refers to bluenrg1_adc.o(i.ADC_ConvertTemperatureSensor) for ADC_ConvertTemperatureSensor
    bluenrg1_adc.o(i.ADC_GetConvertedData) refers to fflti.o(.text) for __aeabi_i2f
    bluenrg1_adc.o(i.ADC_GetConvertedData) refers to bluenrg1_adc.o(.conststring) for .conststring
    bluenrg1_adc.o(i.ADC_GetFlagStatus) refers to main.o(i.assert_failed) for assert_failed
[...]
    radioActivitySemaphoreHandle             0x20000374   Data           4  main.o(.data)
    BLETickSemaphoreHandle                   0x20000378   Data           4  main.o(.data)
    UARTSemaphoreHandle                      0x2000037c   Data           4  main.o(.data)
    g_var_close_connect_event_now            0x20000380   Data           1  ll_isr.o(.data)
    g_var_close_connect_now                  0x20000381   Data           1  ll_isr.o(.data)
    g_var_linkslaveno                        0x20000382   Data           1  ll_isr.o(.data)
    g_var_state2                             0x20000383   Data           1  ll_isr.o(.data)
    g_var_index                              0x20000384   Data           1  ll_isr.o(.data)
    g_var_sending_scan_response              0x20000385   Data           1  ll_isr.o(.data)
    g_var_scan_response_sent                 0x20000386   Data           1  ll_isr.o(.data)
    g_var_int_value                          0x20000388   Data           4  ll_isr.o(.data)
    g_var_LinkPerp                           0x2000038c   Data           4  ll_isr.o(.data)
    g_var_bluedata1                          0x20000390   Data           4  ll_isr.o(.data)
    g_var_txdata                             0x20000394   Data           4  ll_isr.o(.data)
    g_var_sent_event                         0x20000398   Data           4  ll_isr.o(.data)
    g_var_RcvData                            0x2000039c   Data           4  ll_isr.o(.data)
    mem_alloc_ctx_p                          0x200003c8   Data           4  mem_alloc.o(.data)
    csmem_sm_ctx_p                           0x200003cc   Data           4  smp_common.o(.data)
    hot_table_radio_config                   0x200003d0   Data          32  system_bluenrg1.o(.bss)
    cStackPreamble                           0x200003f0   Data         100  sleep.o(.bss)
    sleepMode_selected                       0x20000454   Data          16  sleep.o(.bss)
    xQueueRegistry                           0x20000464   Data          64  queue.o(.bss)
    _BlueNRG_Stack_Init_params               0x20001728   Data          52  mem_alloc.o(.bss)
    dyn_alloc_a                              0x2000175c   Data        7908  main.o(.noinit.data)
    Image$$ARM_LIB_STACKHEAP$$ZI$$Limit      0x20006000   Number         0  anon$$obj.o ABSOLUTE



==============================================================================

Memory Map of the image

  Image Entry point : 0x10040165

  Load Region LR_IROM2 (Base: 0x10040000, Size: 0x00000000, Max: 0x00000000, ABSOLUTE)

    Execution Region REGION_FLASH_BOOTLOADER (Exec base: 0x10040000, Load base: 0x10040000, Size: 0x00000000, Max: 0x00000000, ABSOLUTE)

    **** No section assigned to this execution region ****



  Load Region LR_IROM1 (Base: 0x10040000, Size: 0x0000c988, Max: 0x00027000, ABSOLUTE, COMPRESSED[0x0000c784])

    Execution Region REGION_ROM (Exec base: 0x10000000, Load base: 0x1004c784, Size: 0x00000800, Max: 0x00000800, ABSOLUTE)

    Exec Addr    Load Addr    Size         Type   Attr      Idx    E Section Name        Object

    0x10000000        -       0x00000800   Zero   RW            1    REGION_ROM.bss      anon$$obj.o


    Execution Region REGION_FLASH (Exec base: 0x10040000, Load base: 0x10040000, Size: 0x0000c658, Max: 0xffffffff, ABSOLUTE)

    Exec Addr    Load Addr    Size         Type   Attr      Idx    E Section Name        Object

    0x10040000   0x10040000   0x000000c0   Data   RO         1865    .intvec             system_bluenrg1.o
    0x100400c0   0x100400c0   0x000000a4   Code   RO         2056    . text              context_switch.o
    0x10040164   0x10040164   0x00000000   Code   RO         4700  * .ARM.Collect$$$$00000000  mc_p.l(entry.o)
    0x10040164   0x10040164   0x00000004   Code   RO         5016    .ARM.Collect$$$$00000002  mc_p.l(entry3.o)
    0x10040168   0x10040168   0x00000004   Code   RO         5019    .ARM.Collect$$$$00000004  mc_p.l(entry5.o)
    0x1004016c   0x1004016c   0x00000000   Code   RO         5021    .ARM.Collect$$$$00000008  mc_p.l(entry7b.o)
    0x1004016c   0x1004016c   0x00000000   Code   RO         5023    .ARM.Collect$$$$0000000A  mc_p.l(entry8b.o)
    0x1004016c   0x1004016c   0x00000008   Code   RO         5024    .ARM.Collect$$$$0000000B  mc_p.l(entry9a.o)
    0x10040174   0x10040174   0x00000004   Code   RO         5031    .ARM.Collect$$$$0000000E  mc_p.l(entry12b.o)
    0x10040178   0x10040178   0x00000000   Code   RO         5026    .ARM.Collect$$$$0000000F  mc_p.l(entry10a.o)
    0x10040178   0x10040178   0x00000000   Code   RO         5028    .ARM.Collect$$$$00000011  mc_p.l(entry11a.o)
    0x10040178   0x10040178   0x00000004   Code   RO         5017    .ARM.Collect$$$$00002713  mc_p.l(entry3.o)
    0x1004017c   0x1004017c   0x00000078   Code   RO         3172    .emb_text           port.o
    0x100401f4   0x100401f4   0x0000002c   Code   RO         4703    .text               mc_p.l(uidiv.o)
    0x10040220   0x10040220   0x00000042   Code   RO         4709    .text               mc_p.l(memmove.o)
    0x10040262   0x10040262   0x00000024   Code   RO         4715    .text               mc_p.l(memseta.o)
    0x10040286   0x10040286   0x0000001a   Code   RO         4717    .text               mc_p.l(memcmp.o)
    0x100402a0   0x100402a0   0x00000014   Code   RO         4988    .text               mc_p.l(uread4.o)
    0x100402b4   0x100402b4   0x00000060   Code   RO         5032    .text               mc_p.l(uldiv.o)
    0x10040314   0x10040314   0x00000020   Code   RO         5034    .text               mc_p.l(llshl.o)
    0x10040334   0x10040334   0x00000022   Code   RO         5036    .text               mc_p.l(llushr.o)
    0x10040356   0x10040356   0x00000002   PAD
    0x10040358   0x10040358   0x00000024   Code   RO         5049    .text               mc_p.l(init.o)
    0x1004037c   0x1004037c   0x00000056   Code   RO         5059    .text               mc_p.l(__dczerorl2.o)
    0x100403d2   0x100403d2   0x00000002   Code   RO         1827    i.ADC_Handler       system_bluenrg1.o
    0x100403d4   0x100403d4   0x00000026   Code   RO         4416    i.ATT_fill_error_resp  libbluenrg1_stack.a(att.o)
    0x100403fa   0x100403fa   0x00000002   PAD
    0x100403fc   0x100403fc   0x00000020   Code   RO         3791    i.Acl_Init          libbluenrg1_stack.a(acl.o)
    0x1004041c   0x1004041c   0x0000003c   Code   RO         3792    i.Acl_Rcv_Pkt_Handler  libbluenrg1_stack.a(acl.o)
    0x10040458   0x10040458   0x00000064   Code   RO         3794    i.Acl_Transmit_Data  libbluenrg1_stack.a(acl.o)
    0x100404bc   0x100404bc   0x00000044   Code   RO         3795    i.Acl_Tx_Cmpl_Pkt_Handler  libbluenrg1_stack.a(acl.o)
    0x10040500   0x10040500   0x00000006   Code   RO         2426    i.App_SleepMode_Check  sleep.o
    0x10040506   0x10040506   0x00000022   Code   RO         2062    i.BLEPLAT_get_part_info  miscutil.o
    0x10040528   0x10040528   0x00000058   Code   RO         1828    i.BOR_ConfigSave    system_bluenrg1.o
    0x10040580   0x10040580   0x000004e8   Code   RO         2427    i.BlueNRG_InternalSleep  sleep.o
    0x10040a68   0x10040a68   0x000000e4   Code   RO         2428    i.BlueNRG_Sleep     sleep.o
    0x10040b4c   0x10040b4c   0x00000044   Code   RO         3604    i.BlueNRG_Stack_Initialization  libbluenrg1_stack.a(bluenrg_main_func.o)
    0x10040b90   0x10040b90   0x00000064   Code   RO         3605    i.BlueNRG_Stack_Initialize_ConfigData  libbluenrg1_stack.a(bluenrg_main_func.o)
    0x10040bf4   0x10040bf4   0x0000008c   Code   RO         3606    i.BlueNRG_Stack_Initialize_Layers  libbluenrg1_stack.a(bluenrg_main_func.o)
    0x10040c80   0x10040c80   0x00000080   Code   RO         3607    i.BlueNRG_Stack_Initialize_RAM_check  libbluenrg1_stack.a(bluenrg_main_func.o)
    0x10040d00   0x10040d00   0x000000c4   Code   RO         3608    i.BlueNRG_Stack_Perform_Crystal_Check  libbluenrg1_stack.a(bluenrg_main_func.o)
    0x10040dc4   0x10040dc4   0x000000b4   Code   RO         4442    i.BlueNRG_Stack_Perform_Deep_Sleep_Check  libbluenrg1_stack.a(bluenrg_main_func_speed.o)
    0x10040e78   0x10040e78   0x0000001c   Code   RO         3609    i.BlueNRG_Start_Crystal_Measurement  libbluenrg1_stack.a(bluenrg_main_func.o)
    0x10040e94   0x10040e94   0x00000028   Code   RO         3455    i.Blue_Handler      bluenrg1_it.o
    0x10040ebc   0x10040ebc   0x000000a8   Code   RO         4268    i.Blue_Init_Global  libbluenrg1_stack.a(routines_support.o)
    0x10040f64   0x10040f64   0x00000024   Code   RO         4241    i.Blue_Set_Radio_Config_Data  libbluenrg1_stack.a(rom_ll_routines_support.o)
    0x10040f88   0x10040f88   0x00000002   Code   RO         1830    i.DMA_Handler       system_bluenrg1.o
    0x10040f8a   0x10040f8a   0x00000004   Code   RO         3634    i.Data_Length_Update_Control_ISR_ucfg  libbluenrg1_stack.a(ll_isr.o)
    0x10040f8e   0x10040f8e   0x0000000e   Code   RO         4647    i.Delay_With_NOP_Cycles  libbluenrg1_stack.a(utils.o)
    0x10040f9c   0x10040f9c   0x00000174   Code   RO         1831    i.DeviceConfiguration  system_bluenrg1.o
    0x10041110   0x10041110   0x00000278   Code   RO         4096    i.Dynamic_allocator  libbluenrg1_stack.a(mem_alloc.o)
    0x10041388   0x10041388   0x00000002   Code   RO         4097    i.Dynamic_allocator_noRet  libbluenrg1_stack.a(mem_alloc.o)
    0x1004138a   0x1004138a   0x0000000e   Code   RO         4578    i.Erase_Sector      libbluenrg1_stack.a(sdb.o)
    0x10041398   0x10041398   0x00000054   Code   RO         3654    i.Events_Process_init  libbluenrg1_stack.a(aci_events.o)
    0x100413ec   0x100413ec   0x00000048   Code   RO          310    i.FLASH_ErasePage   bluenrg1_flash.o
    0x10041434   0x10041434   0x0000005c   Code   RO          314    i.FLASH_ProgramWord  bluenrg1_flash.o
    0x10041490   0x10041490   0x00000014   Code   RO          319    i.FLASH_WaitCmdDone  bluenrg1_flash.o
    0x100414a4   0x100414a4   0x0000003c   Code   RO         4450    i.Find_Gatt_Client  libbluenrg1_stack.a(gatt_client.o)
    0x100414e0   0x100414e0   0x00000020   Code   RO         3850    i.Find_Timed_Out_Connection  libbluenrg1_stack.a(gatt_server.o)
    0x10041500   0x10041500   0x0000003c   Code   RO         4147    i.Flash_Write_Flagged  libbluenrg1_stack.a(nvm.o)
    0x1004153c   0x1004153c   0x00000068   Code   RO         3805    i.GAP_Connection_Complete_Handler  libbluenrg1_stack.a(gap.o)
    0x100415a4   0x100415a4   0x00000002   Code   RO         3808    i.GAP_DiscProcTimeoutcb_ucfg  libbluenrg1_stack.a(gap.o)
    0x100415a6   0x100415a6   0x00000002   PAD
    0x100415a8   0x100415a8   0x00000014   Code   RO         3810    i.GAP_Init_Context  libbluenrg1_stack.a(gap.o)
    0x100415bc   0x100415bc   0x00000068   Code   RO         3812    i.GAP_LL_Event_Handler_ISR  libbluenrg1_stack.a(gap.o)
    0x10041624   0x10041624   0x0000002c   Code   RO         3813    i.GAP_LimDiscTimeoutcb  libbluenrg1_stack.a(gap.o)
    0x10041650   0x10041650   0x000001e0   Code   RO         4171    i.GAP_Privacy1v2    libbluenrg1_stack.a(rom_gap.o)
    0x10041830   0x10041830   0x00000048   Code   RO         4172    i.GAP_PrivateAddrTimercb  libbluenrg1_stack.a(rom_gap.o)
    0x10041878   0x10041878   0x00000044   Code   RO         3851    i.GATT_Connection_Complete_Handler  libbluenrg1_stack.a(gatt_server.o)
    0x100418bc   0x100418bc   0x0000002c   Code   RO         3852    i.GATT_Send_Packet  libbluenrg1_stack.a(gatt_server.o)
    0x100418e8   0x100418e8   0x00000018   Code   RO         3853    i.GATT_Server_Set_Flag  libbluenrg1_stack.a(gatt_server.o)
    0x10041900   0x10041900   0x0000001a   Code   RO         3854    i.GATT_TimeOut_Handler  libbluenrg1_stack.a(gatt_server.o)
    0x1004191a   0x1004191a   0x00000002   Code   RO         1832    i.GPIO_Handler      system_bluenrg1.o
    0x1004191c   0x1004191c   0x00000190   Code   RO          415    i.GPIO_Init         bluenrg1_gpio.o
    0x10041aac   0x10041aac   0x0000002c   Code   RO          421    i.GPIO_ToggleBits   bluenrg1_gpio.o
    0x10041ad8   0x10041ad8   0x00000048   Code   RO          423    i.GPIO_WriteBit     bluenrg1_gpio.o
    0x10041b20   0x10041b20   0x00000038   Code   RO         3866    i.Gatt_Find_Timed_Out_Connection_Index  libbluenrg1_stack.a(gatt_server.o)
    0x10041b58   0x10041b58   0x0000021c   Code   RO         3874    i.Gatt_Server_L2C_Handler  libbluenrg1_stack.a(gatt_server.o)
    0x10041d74   0x10041d74   0x0000004c   Code   RO         3875    i.Gatt_Server_L2C_Handler_ISR  libbluenrg1_stack.a(gatt_server.o)
    0x10041dc0   0x10041dc0   0x00000088   Code   RO         4176    i.Generate_Non_Resolvable_Private_Address  libbluenrg1_stack.a(rom_gap.o)
    0x10041e48   0x10041e48   0x00000060   Code   RO         2328    i.Get_LedGpioPin    sdk_eval_led.o
    0x10041ea8   0x10041ea8   0x00000020   Code   RO         3897    i.HAL_Generate_Random_Bytes_To  libbluenrg1_stack.a(hal.o)
    0x10041ec8   0x10041ec8   0x0000006c   Code   RO         2065    i.HAL_GetPartInfo   miscutil.o
    0x10041f34   0x10041f34   0x00000044   Code   RO         3900    i.HAL_Set_TX_Power_Level  libbluenrg1_stack.a(hal.o)
    0x10041f78   0x10041f78   0x00000006   Code   RO         2431    i.HAL_VTIMER_TimerSleepCheck  sleep.o
    0x10041f7e   0x10041f7e   0x00000002   PAD
    0x10041f80   0x10041f80   0x00000024   Code   RO         3613    i.HAL_VTimerAcc_sysT32_ms  libbluenrg1_stack.a(host_timer.o)
    0x10041fa4   0x10041fa4   0x0000000c   Code   RO         3614    i.HAL_VTimerDiff_ms_sysT32  libbluenrg1_stack.a(host_timer.o)
    0x10041fb0   0x10041fb0   0x00000012   Code   RO         3616    i.HAL_VTimerGetCurrentTime_sysT32  libbluenrg1_stack.a(host_timer.o)
    0x10041fc2   0x10041fc2   0x0000001a   Code   RO         3617    i.HAL_VTimerStart_ms  libbluenrg1_stack.a(host_timer.o)
    0x10041fdc   0x10041fdc   0x0000001a   Code   RO         3618    i.HAL_VTimerStart_sysT32  libbluenrg1_stack.a(host_timer.o)
    0x10041ff6   0x10041ff6   0x00000002   Code   RO         3619    i.HAL_VTimerTimeoutCallback  libbluenrg1_stack.a(host_timer.o)
    0x10041ff8   0x10041ff8   0x00000010   Code   RO         3620    i.HAL_VTimer_Stop   libbluenrg1_stack.a(host_timer.o)
    0x10042008   0x10042008   0x0000006c   Code   RO         3916    i.HCI_Init          libbluenrg1_stack.a(hci.o)
    0x10042074   0x10042074   0x0000003a   Code   RO         3902    i.Hal_Get_Random_Number  libbluenrg1_stack.a(hal.o)
    0x100420ae   0x100420ae   0x00000012   Code   RO         3903    i.Hal_Get_Random_Number32  libbluenrg1_stack.a(hal.o)
    0x100420c0   0x100420c0   0x00000004   Code   RO         3456    i.HardFault_Handler  bluenrg1_it.o
    0x100420c4   0x100420c4   0x00000002   Code   RO         1834    i.I2C1_Handler      system_bluenrg1.o
    0x100420c6   0x100420c6   0x00000002   Code   RO         1835    i.I2C2_Handler      system_bluenrg1.o
    0x100420c8   0x100420c8   0x00000018   Code   RO         4209    i.Is_Address_Initialized  libbluenrg1_stack.a(rom_ll_ll_routines.o)
    0x100420e0   0x100420e0   0x00000010   Code   RO         4148    i.Is_Flash_Write_On_Going  libbluenrg1_stack.a(nvm.o)
    0x100420f0   0x100420f0   0x0000007c   Code   RO         3985    i.L2C_Build_Command_Reject_Pdu  libbluenrg1_stack.a(l2cap.o)
    0x1004216c   0x1004216c   0x0000004a   Code   RO         3988    i.L2C_Connection_Complete_Handler  libbluenrg1_stack.a(l2cap.o)
    0x100421b6   0x100421b6   0x0000002a   Code   RO         3989    i.L2C_Connection_Complete_Signal_Handler  libbluenrg1_stack.a(l2cap.o)
    0x100421e0   0x100421e0   0x00000034   Code   RO         3990    i.L2C_Get_Connection_Info  libbluenrg1_stack.a(l2cap.o)
    0x10042214   0x10042214   0x00000030   Code   RO         3991    i.L2C_Get_Connection_Info_Index  libbluenrg1_stack.a(l2cap.o)
    0x10042244   0x10042244   0x0000000e   Code   RO         3992    i.L2C_Get_PDU_Len   libbluenrg1_stack.a(l2cap.o)
    0x10042252   0x10042252   0x00000002   PAD
    0x10042254   0x10042254   0x00000058   Code   RO         3993    i.L2C_Init          libbluenrg1_stack.a(l2cap.o)
    0x100422ac   0x100422ac   0x00000058   Code   RO         3994    i.L2C_Mux_Acl_Packet  libbluenrg1_stack.a(l2cap.o)
    0x10042304   0x10042304   0x000000cc   Code   RO         3995    i.L2C_Rcv_Data      libbluenrg1_stack.a(l2cap.o)
    0x100423d0   0x100423d0   0x0000001e   Code   RO         3996    i.L2C_Rcv_Event_Handler  libbluenrg1_stack.a(l2cap.o)
    0x100423ee   0x100423ee   0x00000054   Code   RO         3997    i.L2C_Rcv_Event_Handler_ISR  libbluenrg1_stack.a(l2cap.o)
    0x10042442   0x10042442   0x00000002   PAD
    0x10042444   0x10042444   0x0000007c   Code   RO         3998    i.L2C_Reset_To_Closed_State  libbluenrg1_stack.a(l2cap.o)
    0x100424c0   0x100424c0   0x0000004c   Code   RO         3999    i.L2C_Send_Data     libbluenrg1_stack.a(l2cap.o)
    0x1004250c   0x1004250c   0x00000060   Code   RO         4000    i.L2C_SigChan_Req_TimeOut_Handler  libbluenrg1_stack.a(l2cap.o)
    0x1004256c   0x1004256c   0x000001b0   Code   RO         4001    i.L2C_Signal_Channel_Handler  libbluenrg1_stack.a(l2cap.o)
    0x1004271c   0x1004271c   0x00000024   Code   RO         4002    i.L2C_Signal_Channel_Handler_ISR  libbluenrg1_stack.a(l2cap.o)
    0x10042740   0x10042740   0x0000005c   Code   RO         4003    i.L2C_discard_accumulated_acl_data  libbluenrg1_stack.a(l2cap.o)
    0x1004279c   0x1004279c   0x00000042   Code   RO         4210    i.LL_Allow_Address_Setting  libbluenrg1_stack.a(rom_ll_ll_routines.o)
    0x100427de   0x100427de   0x00000004   Code   RO         4057    i.LL_Data_Length_Change_Event_ucfg  libbluenrg1_stack.a(ll_routines.o)
    0x100427e2   0x100427e2   0x00000002   PAD
    0x100427e4   0x100427e4   0x00000224   Code   RO         4212    i.LL_Enable_Disable_Adv  libbluenrg1_stack.a(rom_ll_ll_routines.o)
    0x10042a08   0x10042a08   0x000000a0   Code   RO         4533    i.LL_Encrypt_Plain_Data_ucfg  libbluenrg1_stack.a(ll_routines_support.o)
    0x10042aa8   0x10042aa8   0x00000030   Code   RO         4213    i.LL_Get_Address    libbluenrg1_stack.a(rom_ll_ll_routines.o)
    0x10042ad8   0x10042ad8   0x00000040   Code   RO         4214    i.LL_Get_AdvAddress  libbluenrg1_stack.a(rom_ll_ll_routines.o)
    0x10042b18   0x10042b18   0x00000040   Code   RO         4217    i.LL_Get_ScanAddress  libbluenrg1_stack.a(rom_ll_ll_routines.o)
    0x10042b58   0x10042b58   0x00000190   Code   RO         4219    i.LL_Init           libbluenrg1_stack.a(rom_ll_ll_routines.o)
    0x10042ce8   0x10042ce8   0x00000028   Code   RO         4010    i.LL_LE_Clear_White_List  libbluenrg1_stack.a(ll_privacy.o)
    0x10042d10   0x10042d10   0x00000050   Code   RO         4221    i.LL_Send_ACL_Data  libbluenrg1_stack.a(rom_ll_ll_routines.o)
    0x10042d60   0x10042d60   0x00000004   Code   RO         4067    i.LL_Send_Length_Resp_ucfg  libbluenrg1_stack.a(ll_routines.o)
    0x10042d64   0x10042d64   0x000000d0   Code   RO         4224    i.LL_Set_Adv_PDU_Format  libbluenrg1_stack.a(rom_ll_ll_routines.o)
    0x10042e34   0x10042e34   0x00000088   Code   RO         4226    i.LL_Set_Advertising_Buffers  libbluenrg1_stack.a(rom_ll_ll_routines.o)
    0x10042ebc   0x10042ebc   0x00000058   Code   RO         4443    i.LL_Sleep_Req      libbluenrg1_stack.a(bluenrg_main_func_speed.o)
    0x10042f14   0x10042f14   0x00000054   Code   RO         4230    i.LL_Update_Advertising_Buffers  libbluenrg1_stack.a(rom_ll_ll_routines.o)
    0x10042f68   0x10042f68   0x00000048   Code   RO         4231    i.LL_Update_Scanning_Initiating_Buffers  libbluenrg1_stack.a(rom_ll_ll_routines.o)
    0x10042fb0   0x10042fb0   0x00000004   Code   RO         4021    i.LL_priv_add_to_ConnIDList_ucfg  libbluenrg1_stack.a(ll_privacy.o)
    0x10042fb4   0x10042fb4   0x00000002   Code   RO         4023    i.LL_priv_remove_from_ConnIDList_ucfg  libbluenrg1_stack.a(ll_privacy.o)
    0x10042fb6   0x10042fb6   0x00000002   PAD
    0x10042fb8   0x10042fb8   0x00000040   Code   RO         4025    i.LL_priv_test_address_in_ConnIDList_ucfg  libbluenrg1_stack.a(ll_privacy.o)
    0x10042ff8   0x10042ff8   0x00000094   Code   RO         3980    i.LL_receive_data   libbluenrg1_stack.a(isr_routines.o)
    0x1004308c   0x1004308c   0x000000a0   Code   RO         4195    i.LL_update_proc    libbluenrg1_stack.a(rom_ll_isr_routines.o)
    0x1004312c   0x1004312c   0x0000000e   Code   RO         4184    i.List_Circular_Insert_Tail  libbluenrg1_stack.a(rom_list.o)
    0x1004313a   0x1004313a   0x00000016   Code   RO         4185    i.List_Circular_Node_Present  libbluenrg1_stack.a(rom_list.o)
    0x10043150   0x10043150   0x0000001a   Code   RO         4186    i.List_Circular_Remove_Head  libbluenrg1_stack.a(rom_list.o)
    0x1004316a   0x1004316a   0x00000020   Code   RO         4187    i.List_Circular_Remove_Node  libbluenrg1_stack.a(rom_list.o)
    0x1004318a   0x1004318a   0x00000002   Code   RO         1836    i.MFT1A_Handler     system_bluenrg1.o
    0x1004318c   0x1004318c   0x00000002   Code   RO         1837    i.MFT1B_Handler     system_bluenrg1.o
    0x1004318e   0x1004318e   0x00000002   Code   RO         1838    i.MFT2A_Handler     system_bluenrg1.o
    0x10043190   0x10043190   0x00000002   Code   RO         1839    i.MFT2B_Handler     system_bluenrg1.o
    0x10043192   0x10043192   0x00000012   Code   RO         4104    i.Mem_Buff_Append   libbluenrg1_stack.a(mem_buff.o)
    0x100431a4   0x100431a4   0x00000048   Code   RO         4105    i.Mem_Buff_Block_Copy  libbluenrg1_stack.a(mem_buff.o)
    0x100431ec   0x100431ec   0x00000056   Code   RO         4106    i.Mem_Buff_Block_Write  libbluenrg1_stack.a(mem_buff.o)
    0x10043242   0x10043242   0x000000ba   Code   RO         4109    i.Mem_Buff_Compact  libbluenrg1_stack.a(mem_buff.o)
    0x100432fc   0x100432fc   0x0000002e   Code   RO         4110    i.Mem_Buff_Get      libbluenrg1_stack.a(mem_buff.o)
    0x1004332a   0x1004332a   0x00000014   Code   RO         4111    i.Mem_Buff_Get_Chain_Count  libbluenrg1_stack.a(mem_buff.o)
    0x1004333e   0x1004333e   0x0000006a   Code   RO         4113    i.Mem_Buff_Init     libbluenrg1_stack.a(mem_buff.o)
    0x100433a8   0x100433a8   0x00000062   Code   RO         4114    i.Mem_Buff_Read     libbluenrg1_stack.a(mem_buff.o)
    0x1004340a   0x1004340a   0x00000036   Code   RO         4115    i.Mem_Buff_Release  libbluenrg1_stack.a(mem_buff.o)
    0x10043440   0x10043440   0x00000016   Code   RO         4098    i.Mem_assign        libbluenrg1_stack.a(mem_alloc.o)
    0x10043456   0x10043456   0x00000002   Code   RO         3457    i.NMI_Handler       bluenrg1_it.o
    0x10043458   0x10043458   0x00000078   Code   RO         1841    i.NVIC_SetPriority  system_bluenrg1.o
    0x100434d0   0x100434d0   0x00000002   Code   RO         1842    i.NVM_Handler       system_bluenrg1.o
    0x100434d2   0x100434d2   0x00000014   Code   RO         2491    i.Osal_MemCmp       osal.o
    0x100434e6   0x100434e6   0x00000014   Code   RO         2492    i.Osal_MemCpy       osal.o
    0x100434fa   0x100434fa   0x00000014   Code   RO         2493    i.Osal_MemSet       osal.o
    0x1004350e   0x1004350e   0x00000002   Code   RO         1843    i.PKA_Handler       system_bluenrg1.o
    0x10043510   0x10043510   0x00000022   Code   RO          835    i.PKA_Reset         bluenrg1_pka.o
    0x10043532   0x10043532   0x00000002   PAD
    0x10043534   0x10043534   0x00000050   Code   RO         4151    i.PM_Check_And_Set  libbluenrg1_stack.a(pm.o)
    0x10043584   0x10043584   0x00000054   Code   RO         4153    i.PM_Compact        libbluenrg1_stack.a(pm.o)
    0x100435d8   0x100435d8   0x00000012   Code   RO         4154    i.PM_Copy_Pckt_Data  libbluenrg1_stack.a(pm.o)
    0x100435ea   0x100435ea   0x00000002   PAD
    0x100435ec   0x100435ec   0x00000018   Code   RO         4155    i.PM_Eng_Config     libbluenrg1_stack.a(pm.o)
    0x10043604   0x10043604   0x0000000c   Code   RO         4156    i.PM_Extract_Pdu_MBuff  libbluenrg1_stack.a(pm.o)
    0x10043610   0x10043610   0x0000000a   Code   RO         4159    i.PM_Get_Mem_Buff_Count  libbluenrg1_stack.a(pm.o)
    0x1004361a   0x1004361a   0x00000002   PAD
    0x1004361c   0x1004361c   0x00000044   Code   RO         4160    i.PM_Get_Pckt       libbluenrg1_stack.a(pm.o)
    0x10043660   0x10043660   0x00000068   Code   RO         4161    i.PM_Init           libbluenrg1_stack.a(pm.o)
    0x100436c8   0x100436c8   0x0000003c   Code   RO         4163    i.PM_Release_Acl_Pckt  libbluenrg1_stack.a(pm.o)
    0x10043704   0x10043704   0x000000d4   Code   RO         4030    i.PRIVWHIT_vInit_Struct  libbluenrg1_stack.a(ll_privacy.o)
    0x100437d8   0x100437d8   0x000000a0   Code   RO         4031    i.PRIV_SearchAddrInEachList  libbluenrg1_stack.a(ll_privacy.o)
    0x10043878   0x10043878   0x00000018   Code   RO         4034    i.PRIV_SearchAddrInWhiteList  libbluenrg1_stack.a(ll_privacy.o)
    0x10043890   0x10043890   0x00000004   Code   RO         3919    i.PRIV_controller_privacy_csr_ucfg  libbluenrg1_stack.a(hci.o)
    0x10043894   0x10043894   0x00000004   Code   RO         4036    i.PRIV_u32ProcessAdvPacket_ucfg  libbluenrg1_stack.a(ll_privacy.o)
    0x10043898   0x10043898   0x00000002   Code   RO         4046    i.PRIV_vGenerate_hci_le_enhanced_connection_complete_event_ucfg  libbluenrg1_stack.a(ll_privacy.o)
    0x1004389a   0x1004389a   0x00000002   PAD
    0x1004389c   0x1004389c   0x0000021c   Code   RO         3635    i.RAL_Isr           libbluenrg1_stack.a(ll_isr.o)
    0x10043ab8   0x10043ab8   0x00000024   Code   RO         1845    i.RESET_HANDLER     system_bluenrg1.o
    0x10043adc   0x10043adc   0x00000002   Code   RO         1846    i.RTC_Handler       system_bluenrg1.o
    0x10043ade   0x10043ade   0x00000002   PAD
    0x10043ae0   0x10043ae0   0x0000016c   Code   RO         4580    i.SDB_Add_Record    libbluenrg1_stack.a(sdb.o)
    0x10043c4c   0x10043c4c   0x00000064   Code   RO         1847    i.SET_BORconfigStatus  system_bluenrg1.o
    0x10043cb0   0x10043cb0   0x00000028   Code   RO         4603    i.SMA_Diversify     libbluenrg1_stack.a(smp_algo_sap.o)
    0x10043cd8   0x10043cd8   0x00000028   Code   RO         4605    i.SMA_Generate_IRK  libbluenrg1_stack.a(smp_algo_sap.o)
    0x10043d00   0x10043d00   0x00000044   Code   RO         4344    i.SMP_Init          libbluenrg1_stack.a(smp_common.o)
    0x10043d44   0x10043d44   0x00000044   Code   RO         4345    i.SMP_Protocol_Timer_cb  libbluenrg1_stack.a(smp_common.o)
    0x10043d88   0x10043d88   0x000000f8   Code   RO         4349    i.SMP_acl_data_hndl  libbluenrg1_stack.a(smp_common.o)
    0x10043e80   0x10043e80   0x00000094   Code   RO         4354    i.SMP_connection_complete_handler  libbluenrg1_stack.a(smp_common.o)
    0x10043f14   0x10043f14   0x0000004c   Code   RO         4357    i.SMP_get_remote_device_list_item  libbluenrg1_stack.a(smp_common.o)
    0x10043f60   0x10043f60   0x00000040   Code   RO         4359    i.SMP_hci_disconnection_complete_evt_hndl  libbluenrg1_stack.a(smp_common.o)
    0x10043fa0   0x10043fa0   0x00000130   Code   RO         4360    i.SMP_hci_encryption_change_evt_hndl  libbluenrg1_stack.a(smp_common.o)
    0x100440d0   0x100440d0   0x0000002e   Code   RO         4361    i.SMP_hci_le_connection_complete_evt_hndl  libbluenrg1_stack.a(smp_common.o)
    0x100440fe   0x100440fe   0x00000052   Code   RO         4362    i.SMP_hci_le_enhanced_connection_complete_evt_hndl  libbluenrg1_stack.a(smp_common.o)
    0x10044150   0x10044150   0x00000038   Code   RO         4363    i.SMP_hci_le_long_term_key_request_evt_hndl  libbluenrg1_stack.a(smp_common.o)
    0x10044188   0x10044188   0x00000078   Code   RO         4364    i.SMP_repeated_attacks_timer_cb  libbluenrg1_stack.a(smp_common.o)
    0x10044200   0x10044200   0x00000040   Code   RO         4365    i.SMP_reset_timer   libbluenrg1_stack.a(smp_common.o)
    0x10044240   0x10044240   0x0000004e   Code   RO         4612    i.SM_Generate_Resolvable_Private_Address  libbluenrg1_stack.a(smp_algo_sap.o)
    0x1004428e   0x1004428e   0x00000002   Code   RO         1848    i.SPI_Handler       system_bluenrg1.o
    0x10044290   0x10044290   0x00000002   Code   RO         3173    i.SVC_Handler       port.o
    0x10044292   0x10044292   0x00000002   PAD
    0x10044294   0x10044294   0x0000009c   Code   RO         2193    i.SdkEvalComUartInit  sdk_eval_com.o
    0x10044330   0x10044330   0x0000000c   Code   RO         2295    i.SdkEvalGetVersion  sdk_eval_config.o
    0x1004433c   0x1004433c   0x0000000c   Code   RO         2296    i.SdkEvalIdentification  sdk_eval_config.o
    0x10044348   0x10044348   0x0000002c   Code   RO         2330    i.SdkEvalLedInit    sdk_eval_led.o
    0x10044374   0x10044374   0x00000014   Code   RO         2331    i.SdkEvalLedOff     sdk_eval_led.o
    0x10044388   0x10044388   0x00000012   Code   RO         2333    i.SdkEvalLedToggle  sdk_eval_led.o
    0x1004439a   0x1004439a   0x00000018   Code   RO         2195    i.SdkEvalUart_Send_Data  sdk_eval_com.o
    0x100443b2   0x100443b2   0x00000002   PAD
    0x100443b4   0x100443b4   0x00000050   Code   RO         3888    i.Select_Next_Notification_Client  libbluenrg1_stack.a(gatt_server.o)
    0x10044404   0x10044404   0x0000004c   Code   RO         3889    i.Send_Notif_Or_Ind  libbluenrg1_stack.a(gatt_server.o)
    0x10044450   0x10044450   0x00000050   Code   RO         3621    i.Set_Host_Timer_value  libbluenrg1_stack.a(host_timer.o)
    0x100444a0   0x100444a0   0x00000060   Code   RO         1850    i.Set_RF_FrontEnd   system_bluenrg1.o
    0x10044500   0x10044500   0x00000024   Code   RO         4561    i.Start_Gatt_Timer  libbluenrg1_stack.a(rom_gatt_server.o)
    0x10044524   0x10044524   0x0000001c   Code   RO         4562    i.Stop_Gatt_Timer   libbluenrg1_stack.a(rom_gatt_server.o)
    0x10044540   0x10044540   0x000000d4   Code   RO         1249    i.SysCtrl_GetWakeupResetReason  bluenrg1_sysctrl.o
    0x10044614   0x10044614   0x00000054   Code   RO         1250    i.SysCtrl_PeripheralClockCmd  bluenrg1_sysctrl.o
    0x10044668   0x10044668   0x00000024   Code   RO         3174    i.SysTick_Handler   port.o
    0x1004468c   0x1004468c   0x000000b8   Code   RO         1852    i.SystemInit        system_bluenrg1.o
    0x10044744   0x10044744   0x00000040   Code   RO         1786    i.SystemSleepCmd    misc.o
    0x10044784   0x10044784   0x0000007c   Code   RO         3622    i.TimerCallback     libbluenrg1_stack.a(host_timer.o)
    0x10044800   0x10044800   0x00000014   Code   RO         3623    i.Timer_ExpiryCallback  libbluenrg1_stack.a(host_timer.o)
    0x10044814   0x10044814   0x00000034   Code   RO         3624    i.Timer_Init        libbluenrg1_stack.a(host_timer.o)
    0x10044848   0x10044848   0x0000011c   Code   RO         3625    i.Timer_ProcessQ    libbluenrg1_stack.a(host_timer.o)
    0x10044964   0x10044964   0x00000022   Code   RO         3626    i.Timer_StartOneShot  libbluenrg1_stack.a(host_timer.o)
    0x10044986   0x10044986   0x00000002   PAD
    0x10044988   0x10044988   0x00000074   Code   RO         3627    i.Timer_StartOneShot_sysTime32  libbluenrg1_stack.a(host_timer.o)
    0x100449fc   0x100449fc   0x00000058   Code   RO         3628    i.Timer_StopOneShot  libbluenrg1_stack.a(host_timer.o)
    0x10044a54   0x10044a54   0x00000024   Code   RO         3630    i.Timer_sysTime32_convMachineTime  libbluenrg1_stack.a(host_timer.o)
    0x10044a78   0x10044a78   0x00000040   Code   RO         1534    i.UART_Cmd          bluenrg1_uart.o
    0x10044ab8   0x10044ab8   0x00000078   Code   RO         1537    i.UART_GetFlagStatus  bluenrg1_uart.o
    0x10044b30   0x10044b30   0x00000002   Code   RO         3458    i.UART_Handler      bluenrg1_it.o
    0x10044b32   0x10044b32   0x00000002   PAD
    0x10044b34   0x10044b34   0x000002b4   Code   RO         1540    i.UART_Init         bluenrg1_uart.o
    0x10044de8   0x10044de8   0x0000004c   Code   RO         1545    i.UART_RxFifoIrqLevelConfig  bluenrg1_uart.o
    0x10044e34   0x10044e34   0x0000002c   Code   RO         1547    i.UART_SendData     bluenrg1_uart.o
    0x10044e60   0x10044e60   0x00000002   Code   RO         1854    i.WDG_Handler       system_bluenrg1.o
    0x10044e62   0x10044e62   0x0000000a   Code   RO         4256    i.WindowWiden1      libbluenrg1_stack.a(rom_ll_timehandling.o)
    0x10044e6c   0x10044e6c   0x00000010   Code   RO         4257    i.WindowWiden2      libbluenrg1_stack.a(rom_ll_timehandling.o)
    0x10044e7c   0x10044e7c   0x000001bc   Code   RO         4590    i.Write_Client_Data  libbluenrg1_stack.a(sdb.o)
    0x10045038   0x10045038   0x000000e8   Code   RO         3610    i._BlueNRG_Stack_Initialization  libbluenrg1_stack.a(bluenrg_main_func.o)
    0x10045120   0x10045120   0x0000006c   Code   RO         3838    i._GAP_Parse_Advertising_Report  libbluenrg1_stack.a(gap.o)
    0x1004518c   0x1004518c   0x00000020   Code   RO         4934    i.__0printf$8       mc_p.l(printf8.o)
    0x100451ac   0x100451ac   0x0000001a   Code   RO         3650    i.__ARM_common_memcpy1_6  libbluenrg1_stack.a(ll_isr.o)
    0x100451c6   0x100451c6   0x0000001c   Code   RO         3120    i.__ARM_common_switch8  tasks.o
    0x100451e2   0x100451e2   0x00000002   PAD
    0x100451e4   0x100451e4   0x00000070   Code   RO         1856    i.__low_level_init  system_bluenrg1.o
    0x10045254   0x10045254   0x0000000e   Code   RO         5053    i.__scatterload_copy  mc_p.l(handlers.o)
    0x10045262   0x10045262   0x00000002   Code   RO         5054    i.__scatterload_null  mc_p.l(handlers.o)
    0x10045264   0x10045264   0x0000000e   Code   RO         5055    i.__scatterload_zeroinit  mc_p.l(handlers.o)
    0x10045272   0x10045272   0x00000002   PAD
    0x10045274   0x10045274   0x00000428   Code   RO         4941    i._printf_core      mc_p.l(printf8.o)
    0x1004569c   0x1004569c   0x00000020   Code   RO         4942    i._printf_post_padding  mc_p.l(printf8.o)
    0x100456bc   0x100456bc   0x0000002c   Code   RO         4943    i._printf_pre_padding  mc_p.l(printf8.o)
    0x100456e8   0x100456e8   0x00000002   Code   RO         3655    i.aci_att_exchange_mtu_resp_event  libbluenrg1_stack.a(aci_events.o)
    0x100456ea   0x100456ea   0x00000002   Code   RO         3656    i.aci_att_exec_write_resp_event  libbluenrg1_stack.a(aci_events.o)
    0x100456ec   0x100456ec   0x00000002   Code   RO         3657    i.aci_att_find_by_type_value_resp_event  libbluenrg1_stack.a(aci_events.o)
    0x100456ee   0x100456ee   0x00000002   Code   RO         3658    i.aci_att_find_info_resp_event  libbluenrg1_stack.a(aci_events.o)
    0x100456f0   0x100456f0   0x00000002   Code   RO         3659    i.aci_att_prepare_write_resp_event  libbluenrg1_stack.a(aci_events.o)
    0x100456f2   0x100456f2   0x00000002   Code   RO         3660    i.aci_att_read_blob_resp_event  libbluenrg1_stack.a(aci_events.o)
    0x100456f4   0x100456f4   0x00000002   Code   RO         3661    i.aci_att_read_by_group_type_resp_event  libbluenrg1_stack.a(aci_events.o)
    0x100456f6   0x100456f6   0x00000002   Code   RO         3662    i.aci_att_read_by_type_resp_event  libbluenrg1_stack.a(aci_events.o)
    0x100456f8   0x100456f8   0x00000002   Code   RO         3663    i.aci_att_read_multiple_resp_event  libbluenrg1_stack.a(aci_events.o)
    0x100456fa   0x100456fa   0x00000002   Code   RO         3664    i.aci_att_read_resp_event  libbluenrg1_stack.a(aci_events.o)
    0x100456fc   0x100456fc   0x00000002   Code   RO         3665    i.aci_att_write_resp_event  libbluenrg1_stack.a(aci_events.o)
    0x100456fe   0x100456fe   0x00000002   PAD
    0x10045700   0x10045700   0x00000028   Code   RO         3666    i.aci_event_fifo_push  libbluenrg1_stack.a(aci_events.o)
    0x10045728   0x10045728   0x000000bc   Code   RO         3667    i.aci_event_fifo_push_header  libbluenrg1_stack.a(aci_events.o)
    0x100457e4   0x100457e4   0x00000002   Code   RO         3668    i.aci_gap_addr_not_resolved_event  libbluenrg1_stack.a(aci_events.o)
    0x100457e6   0x100457e6   0x00000002   Code   RO         3669    i.aci_gap_authorization_req_event  libbluenrg1_stack.a(aci_events.o)
    0x100457e8   0x100457e8   0x00000054   Code   RO         4371    i.aci_gap_authorization_req_event_push  libbluenrg1_stack.a(smp_common.o)
    0x1004583c   0x1004583c   0x00000002   Code   RO         3670    i.aci_gap_bond_lost_event  libbluenrg1_stack.a(aci_events.o)
    0x1004583e   0x1004583e   0x00000002   Code   RO         3671    i.aci_gap_device_found_event  libbluenrg1_stack.a(aci_events.o)
    0x10045840   0x10045840   0x00000002   Code   RO         3672    i.aci_gap_keypress_notification_event  libbluenrg1_stack.a(aci_events.o)
    0x10045842   0x10045842   0x00000002   Code   RO         3673    i.aci_gap_limited_discoverable_event  libbluenrg1_stack.a(aci_events.o)
    0x10045844   0x10045844   0x00000050   Code   RO         3840    i.aci_gap_limited_discoverable_event_push  libbluenrg1_stack.a(gap.o)
    0x10045894   0x10045894   0x00000002   Code   RO         3674    i.aci_gap_numeric_comparison_value_event  libbluenrg1_stack.a(aci_events.o)
    0x10045896   0x10045896   0x00000002   Code   RO         3675    i.aci_gap_pairing_complete_event  libbluenrg1_stack.a(aci_events.o)
    0x10045898   0x10045898   0x0000005c   Code   RO         4372    i.aci_gap_pairing_complete_event_push  libbluenrg1_stack.a(smp_common.o)
    0x100458f4   0x100458f4   0x00000002   Code   RO         3676    i.aci_gap_pass_key_req_event  libbluenrg1_stack.a(aci_events.o)
    0x100458f6   0x100458f6   0x00000002   Code   RO         3677    i.aci_gap_proc_complete_event  libbluenrg1_stack.a(aci_events.o)
    0x100458f8   0x100458f8   0x00000074   Code   RO         3841    i.aci_gap_proc_complete_event_push  libbluenrg1_stack.a(gap.o)
    0x1004596c   0x1004596c   0x00000002   Code   RO         3678    i.aci_gap_slave_security_initiated_event  libbluenrg1_stack.a(aci_events.o)
    0x1004596e   0x1004596e   0x00000002   Code   RO         3679    i.aci_gatt_attribute_modified_event  libbluenrg1_stack.a(aci_events.o)
    0x10045970   0x10045970   0x00000002   Code   RO         3680    i.aci_gatt_disc_read_char_by_uuid_resp_event  libbluenrg1_stack.a(aci_events.o)
    0x10045972   0x10045972   0x00000002   Code   RO         3681    i.aci_gatt_error_resp_event  libbluenrg1_stack.a(aci_events.o)
    0x10045974   0x10045974   0x00000002   Code   RO         3682    i.aci_gatt_indication_event  libbluenrg1_stack.a(aci_events.o)
    0x10045976   0x10045976   0x00000002   Code   RO         3683    i.aci_gatt_notification_event  libbluenrg1_stack.a(aci_events.o)
    0x10045978   0x10045978   0x00000002   Code   RO         3684    i.aci_gatt_prepare_write_permit_req_event  libbluenrg1_stack.a(aci_events.o)
    0x1004597a   0x1004597a   0x00000002   Code   RO         3685    i.aci_gatt_proc_complete_event  libbluenrg1_stack.a(aci_events.o)
    0x1004597c   0x1004597c   0x00000002   Code   RO         3686    i.aci_gatt_proc_timeout_event  libbluenrg1_stack.a(aci_events.o)
    0x1004597e   0x1004597e   0x00000002   Code   RO         3687    i.aci_gatt_read_multi_permit_req_event  libbluenrg1_stack.a(aci_events.o)
    0x10045980   0x10045980   0x00000002   Code   RO         3688    i.aci_gatt_read_permit_req_event  libbluenrg1_stack.a(aci_events.o)
    0x10045982   0x10045982   0x00000002   Code   RO         3689    i.aci_gatt_server_confirmation_event  libbluenrg1_stack.a(aci_events.o)
    0x10045984   0x10045984   0x00000002   Code   RO         3690    i.aci_gatt_tx_pool_available_event  libbluenrg1_stack.a(aci_events.o)
    0x10045986   0x10045986   0x00000002   Code   RO         3691    i.aci_gatt_write_permit_req_event  libbluenrg1_stack.a(aci_events.o)
    0x10045988   0x10045988   0x00000002   Code   RO         3904    i.aci_hal_end_of_radio_activity_event  libbluenrg1_stack.a(hal.o)
    0x1004598a   0x1004598a   0x00000002   Code   RO         3692    i.aci_hal_fw_error_event  libbluenrg1_stack.a(aci_events.o)
    0x1004598c   0x1004598c   0x0000005c   Code   RO         3892    i.aci_hal_fw_error_event_push  libbluenrg1_stack.a(gatt_server.o)
    0x100459e8   0x100459e8   0x00000002   Code   RO         3693    i.aci_hal_scan_req_report_event  libbluenrg1_stack.a(aci_events.o)
    0x100459ea   0x100459ea   0x00000002   Code   RO         3694    i.aci_l2cap_command_reject_event  libbluenrg1_stack.a(aci_events.o)
    0x100459ec   0x100459ec   0x00000002   Code   RO         3695    i.aci_l2cap_connection_update_req_event  libbluenrg1_stack.a(aci_events.o)
    0x100459ee   0x100459ee   0x00000002   PAD
    0x100459f0   0x100459f0   0x00000098   Code   RO         4004    i.aci_l2cap_connection_update_req_event_push  libbluenrg1_stack.a(l2cap.o)
    0x10045a88   0x10045a88   0x00000002   Code   RO         3696    i.aci_l2cap_connection_update_resp_event  libbluenrg1_stack.a(aci_events.o)
    0x10045a8a   0x10045a8a   0x00000002   Code   RO         3697    i.aci_l2cap_proc_timeout_event  libbluenrg1_stack.a(aci_events.o)
    0x10045a8c   0x10045a8c   0x00000004   Code   RO         4403    i.acl_list_first    libbluenrg1_stack.a(acl_list.o)
    0x10045a90   0x10045a90   0x00000010   Code   RO         4407    i.acl_list_init     libbluenrg1_stack.a(acl_list.o)
    0x10045aa0   0x10045aa0   0x0000002c   Code   RO         4409    i.acl_list_insert_tail  libbluenrg1_stack.a(acl_list.o)
    0x10045acc   0x10045acc   0x00000044   Code   RO         4412    i.acl_list_remove   libbluenrg1_stack.a(acl_list.o)
    0x10045b10   0x10045b10   0x00000260   Code   RO         4122    i.adapt_slot        libbluenrg1_stack.a(multi_master_time.o)
    0x10045d70   0x10045d70   0x0000001e   Code   RO         4196    i.addr_u32_from_u8  libbluenrg1_stack.a(rom_ll_isr_routines.o)
    0x10045d8e   0x10045d8e   0x00000020   Code   RO         4233    i.addr_u32_from_u8  libbluenrg1_stack.a(rom_ll_ll_routines.o)
    0x10045dae   0x10045dae   0x00000002   PAD
    0x10045db0   0x10045db0   0x000002d0   Code   RO         4123    i.advance_slave_timing_MultiSlave  libbluenrg1_stack.a(multi_master_time.o)
    0x10046080   0x10046080   0x0000067c   Code   RO         3802    i.advance_wakeup_timer  libbluenrg1_stack.a(advance_wakeup_time.o)
    0x100466fc   0x100466fc   0x00000004   Code   RO         3526    i.assert_failed     main.o
    0x10046700   0x10046700   0x0000001c   Code   RO         3906    i.ble_HAL_Init      libbluenrg1_stack.a(hal.o)
    0x1004671c   0x1004671c   0x00000004   Code   RO         4198    i.cancel_connect_master_ucfg  libbluenrg1_stack.a(rom_ll_isr_routines.o)
    0x10046720   0x10046720   0x000001a8   Code   RO         4125    i.cancel_current_master  libbluenrg1_stack.a(multi_master_time.o)
    0x100468c8   0x100468c8   0x00000080   Code   RO         4199    i.cancel_master     libbluenrg1_stack.a(rom_ll_isr_routines.o)
    0x10046948   0x10046948   0x000000c4   Code   RO         3981    i.cancel_slave      libbluenrg1_stack.a(isr_routines.o)
    0x10046a0c   0x10046a0c   0x00000024   Code   RO         3698    i.cb_aci_att_exchange_mtu_resp_event  libbluenrg1_stack.a(aci_events.o)
    0x10046a30   0x10046a30   0x00000020   Code   RO         3699    i.cb_aci_att_exec_write_resp_event  libbluenrg1_stack.a(aci_events.o)
    0x10046a50   0x10046a50   0x00000024   Code   RO         3700    i.cb_aci_att_find_by_type_value_resp_event  libbluenrg1_stack.a(aci_events.o)
    0x10046a74   0x10046a74   0x00000028   Code   RO         3701    i.cb_aci_att_find_info_resp_event  libbluenrg1_stack.a(aci_events.o)
    0x10046a9c   0x10046a9c   0x0000002c   Code   RO         3702    i.cb_aci_att_prepare_write_resp_event  libbluenrg1_stack.a(aci_events.o)
    0x10046ac8   0x10046ac8   0x00000024   Code   RO         3703    i.cb_aci_att_read_blob_resp_event  libbluenrg1_stack.a(aci_events.o)
    0x10046aec   0x10046aec   0x00000028   Code   RO         3704    i.cb_aci_att_read_by_group_type_resp_event  libbluenrg1_stack.a(aci_events.o)
    0x10046b14   0x10046b14   0x00000028   Code   RO         3705    i.cb_aci_att_read_by_type_resp_event  libbluenrg1_stack.a(aci_events.o)
    0x10046b3c   0x10046b3c   0x00000024   Code   RO         3706    i.cb_aci_att_read_multiple_resp_event  libbluenrg1_stack.a(aci_events.o)
    0x10046b60   0x10046b60   0x00000024   Code   RO         3707    i.cb_aci_att_read_resp_event  libbluenrg1_stack.a(aci_events.o)
    0x10046b84   0x10046b84   0x00000024   Code   RO         3708    i.cb_aci_att_write_resp_event  libbluenrg1_stack.a(aci_events.o)
    0x10046ba8   0x10046ba8   0x00000020   Code   RO         3709    i.cb_aci_gap_addr_not_resolved_event  libbluenrg1_stack.a(aci_events.o)
    0x10046bc8   0x10046bc8   0x00000020   Code   RO         3710    i.cb_aci_gap_authorization_req_event  libbluenrg1_stack.a(aci_events.o)
    0x10046be8   0x10046be8   0x0000001c   Code   RO         3711    i.cb_aci_gap_bond_lost_event  libbluenrg1_stack.a(aci_events.o)
    0x10046c04   0x10046c04   0x00000020   Code   RO         3712    i.cb_aci_gap_device_found_event  libbluenrg1_stack.a(aci_events.o)
    0x10046c24   0x10046c24   0x00000024   Code   RO         3713    i.cb_aci_gap_keypress_notification_event  libbluenrg1_stack.a(aci_events.o)
    0x10046c48   0x10046c48   0x0000001c   Code   RO         3714    i.cb_aci_gap_limited_discoverable_event  libbluenrg1_stack.a(aci_events.o)
    0x10046c64   0x10046c64   0x00000024   Code   RO         3715    i.cb_aci_gap_numeric_comparison_value_event  libbluenrg1_stack.a(aci_events.o)
    0x10046c88   0x10046c88   0x00000024   Code   RO         3716    i.cb_aci_gap_pairing_complete_event  libbluenrg1_stack.a(aci_events.o)
    0x10046cac   0x10046cac   0x00000020   Code   RO         3717    i.cb_aci_gap_pass_key_req_event  libbluenrg1_stack.a(aci_events.o)
    0x10046ccc   0x10046ccc   0x00000028   Code   RO         3718    i.cb_aci_gap_proc_complete_event  libbluenrg1_stack.a(aci_events.o)
    0x10046cf4   0x10046cf4   0x0000001c   Code   RO         3719    i.cb_aci_gap_slave_security_initiated_event  libbluenrg1_stack.a(aci_events.o)
    0x10046d10   0x10046d10   0x0000002c   Code   RO         3720    i.cb_aci_gatt_attribute_modified_event  libbluenrg1_stack.a(aci_events.o)
    0x10046d3c   0x10046d3c   0x00000028   Code   RO         3721    i.cb_aci_gatt_disc_read_char_by_uuid_resp_event  libbluenrg1_stack.a(aci_events.o)
    0x10046d64   0x10046d64   0x00000028   Code   RO         3722    i.cb_aci_gatt_error_resp_event  libbluenrg1_stack.a(aci_events.o)
    0x10046d8c   0x10046d8c   0x00000028   Code   RO         3723    i.cb_aci_gatt_indication_event  libbluenrg1_stack.a(aci_events.o)
    0x10046db4   0x10046db4   0x00000028   Code   RO         3724    i.cb_aci_gatt_notification_event  libbluenrg1_stack.a(aci_events.o)
    0x10046ddc   0x10046ddc   0x00000016   Code   RO         3725    i.cb_aci_gatt_prepare_write_permit_req_event  libbluenrg1_stack.a(aci_events.o)
    0x10046df2   0x10046df2   0x00000002   PAD
    0x10046df4   0x10046df4   0x00000024   Code   RO         3726    i.cb_aci_gatt_proc_complete_event  libbluenrg1_stack.a(aci_events.o)
    0x10046e18   0x10046e18   0x00000020   Code   RO         3727    i.cb_aci_gatt_proc_timeout_event  libbluenrg1_stack.a(aci_events.o)
    0x10046e38   0x10046e38   0x00000010   Code   RO         3728    i.cb_aci_gatt_read_multi_permit_req_event  libbluenrg1_stack.a(aci_events.o)
    0x10046e48   0x10046e48   0x00000010   Code   RO         3729    i.cb_aci_gatt_read_permit_req_event  libbluenrg1_stack.a(aci_events.o)
    0x10046e58   0x10046e58   0x0000000a   Code   RO         3730    i.cb_aci_gatt_server_confirmation_event  libbluenrg1_stack.a(aci_events.o)
    0x10046e62   0x10046e62   0x0000000e   Code   RO         3731    i.cb_aci_gatt_tx_pool_available_event  libbluenrg1_stack.a(aci_events.o)
    0x10046e70   0x10046e70   0x00000012   Code   RO         3732    i.cb_aci_gatt_write_permit_req_event  libbluenrg1_stack.a(aci_events.o)
    0x10046e82   0x10046e82   0x00000010   Code   RO         3733    i.cb_aci_hal_fw_error_event  libbluenrg1_stack.a(aci_events.o)
    0x10046e92   0x10046e92   0x00000002   PAD
    0x10046e94   0x10046e94   0x00000028   Code   RO         3734    i.cb_aci_hal_scan_req_report_event  libbluenrg1_stack.a(aci_events.o)
    0x10046ebc   0x10046ebc   0x00000016   Code   RO         3735    i.cb_aci_l2cap_command_reject_event  libbluenrg1_stack.a(aci_events.o)
    0x10046ed2   0x10046ed2   0x00000002   PAD
    0x10046ed4   0x10046ed4   0x00000034   Code   RO         3736    i.cb_aci_l2cap_connection_update_req_event  libbluenrg1_stack.a(aci_events.o)
    0x10046f08   0x10046f08   0x00000024   Code   RO         3737    i.cb_aci_l2cap_connection_update_resp_event  libbluenrg1_stack.a(aci_events.o)
    0x10046f2c   0x10046f2c   0x00000024   Code   RO         3738    i.cb_aci_l2cap_proc_timeout_event  libbluenrg1_stack.a(aci_events.o)
    0x10046f50   0x10046f50   0x00000002   Code   RO         3739    i.cb_hci_data_buffer_overflow_event  libbluenrg1_stack.a(aci_events.o)
    0x10046f52   0x10046f52   0x00000002   PAD
    0x10046f54   0x10046f54   0x00000024   Code   RO         3740    i.cb_hci_disconnection_complete_event  libbluenrg1_stack.a(aci_events.o)
    0x10046f78   0x10046f78   0x00000024   Code   RO         3741    i.cb_hci_encryption_change_event  libbluenrg1_stack.a(aci_events.o)
    0x10046f9c   0x10046f9c   0x00000024   Code   RO         3742    i.cb_hci_encryption_key_refresh_complete_event  libbluenrg1_stack.a(aci_events.o)
    0x10046fc0   0x10046fc0   0x00000024   Code   RO         3743    i.cb_hci_le_advertising_report_event  libbluenrg1_stack.a(aci_events.o)
    0x10046fe4   0x10046fe4   0x00000044   Code   RO         3744    i.cb_hci_le_connection_complete_event  libbluenrg1_stack.a(aci_events.o)
    0x10047028   0x10047028   0x00000030   Code   RO         3745    i.cb_hci_le_connection_update_complete_event  libbluenrg1_stack.a(aci_events.o)
    0x10047058   0x10047058   0x00000030   Code   RO         3746    i.cb_hci_le_data_length_change_event  libbluenrg1_stack.a(aci_events.o)
    0x10047088   0x10047088   0x00000024   Code   RO         3747    i.cb_hci_le_direct_advertising_report_event  libbluenrg1_stack.a(aci_events.o)
    0x100470ac   0x100470ac   0x0000004c   Code   RO         3748    i.cb_hci_le_enhanced_connection_complete_event  libbluenrg1_stack.a(aci_events.o)
    0x100470f8   0x100470f8   0x00000028   Code   RO         3749    i.cb_hci_le_generate_dhkey_complete_event  libbluenrg1_stack.a(aci_events.o)
    0x10047120   0x10047120   0x00000028   Code   RO         3750    i.cb_hci_le_long_term_key_request_event  libbluenrg1_stack.a(aci_events.o)
    0x10047148   0x10047148   0x00000028   Code   RO         3751    i.cb_hci_le_read_local_p256_public_key_complete_event  libbluenrg1_stack.a(aci_events.o)
    0x10047170   0x10047170   0x0000002c   Code   RO         3752    i.cb_hci_le_read_remote_used_features_complete_event  libbluenrg1_stack.a(aci_events.o)
    0x1004719c   0x1004719c   0x0000000a   Code   RO         3753    i.cb_hci_number_of_completed_packets_event  libbluenrg1_stack.a(aci_events.o)
    0x100471a6   0x100471a6   0x00000002   PAD
    0x100471a8   0x100471a8   0x00000028   Code   RO         3754    i.cb_hci_read_remote_version_information_complete_event  libbluenrg1_stack.a(aci_events.o)
    0x100471d0   0x100471d0   0x00000016   Code   RO         3755    i.cb_hci_rx_acl_data_event  libbluenrg1_stack.a(aci_events.o)
    0x100471e6   0x100471e6   0x00000012   Code   RO         3907    i.char_copy         libbluenrg1_stack.a(hal.o)
    0x100471f8   0x100471f8   0x00000012   Code   RO         3636    i.copy_4_u32        libbluenrg1_stack.a(ll_isr.o)
    0x1004720a   0x1004720a   0x00000002   PAD
    0x1004720c   0x1004720c   0x00000084   Code   RO         3637    i.copy_tx_data_packet  libbluenrg1_stack.a(ll_isr.o)
    0x10047290   0x10047290   0x00000028   Code   RO         3527    i.createTasks       main.o
    0x100472b8   0x100472b8   0x00000004   Code   RO         3921    i.data_length_extension_csr_ucfg  libbluenrg1_stack.a(hci.o)
    0x100472bc   0x100472bc   0x00000040   Code   RO         2759    i.eTaskConfirmSleepModeStatus  tasks.o
    0x100472fc   0x100472fc   0x00000074   Code   RO         3638    i.encrypt           libbluenrg1_stack.a(ll_isr.o)
    0x10047370   0x10047370   0x0000006c   Code   RO         3756    i.fifoBuf_getFreeHeader  libbluenrg1_stack.a(aci_events.o)
    0x100473dc   0x100473dc   0x0000000a   Code   RO         3757    i.fifoCtrl_init     libbluenrg1_stack.a(aci_events.o)
    0x100473e6   0x100473e6   0x00000010   Code   RO         2198    i.fputc             sdk_eval_com.o
    0x100473f6   0x100473f6   0x00000002   PAD
    0x100473f8   0x100473f8   0x00000070   Code   RO         2432    i.frequency_switch  sleep.o
    0x10047468   0x10047468   0x00000014   Code   RO         4200    i.get_adv_addr      libbluenrg1_stack.a(rom_ll_isr_routines.o)
    0x1004747c   0x1004747c   0x00000048   Code   RO         4126    i.get_advertiser    libbluenrg1_stack.a(multi_master_time.o)
    0x100474c4   0x100474c4   0x00000088   Code   RO         4127    i.get_connection_no  libbluenrg1_stack.a(multi_master_time.o)
    0x1004754c   0x1004754c   0x00000034   Code   RO         4128    i.get_next_free_slot  libbluenrg1_stack.a(multi_master_time.o)
    0x10047580   0x10047580   0x00000014   Code   RO         4201    i.get_scan_addr     libbluenrg1_stack.a(rom_ll_isr_routines.o)
    0x10047594   0x10047594   0x00000048   Code   RO         4129    i.get_scan_connection  libbluenrg1_stack.a(multi_master_time.o)
    0x100475dc   0x100475dc   0x0000029c   Code   RO         4202    i.go_to_connect     libbluenrg1_stack.a(rom_ll_isr_routines.o)
    0x10047878   0x10047878   0x00000034   Code   RO         3908    i.hal_radio_activity_state_callback_check  libbluenrg1_stack.a(hal.o)
    0x100478ac   0x100478ac   0x0000001c   Code   RO         3909    i.hal_radio_activity_state_init  libbluenrg1_stack.a(hal.o)
    0x100478c8   0x100478c8   0x00000040   Code   RO         3910    i.hal_read_radio_activity_state  libbluenrg1_stack.a(hal.o)
    0x10047908   0x10047908   0x00000002   Code   RO         3759    i.hci_disconnection_complete_event  libbluenrg1_stack.a(aci_events.o)
    0x1004790a   0x1004790a   0x00000002   Code   RO         3760    i.hci_encryption_change_event  libbluenrg1_stack.a(aci_events.o)
    0x1004790c   0x1004790c   0x0000005c   Code   RO         4082    i.hci_encryption_change_event_push  libbluenrg1_stack.a(ll_routines_master.o)
    0x10047968   0x10047968   0x00000002   Code   RO         3761    i.hci_encryption_key_refresh_complete_event  libbluenrg1_stack.a(aci_events.o)
    0x1004796a   0x1004796a   0x00000002   PAD
    0x1004796c   0x1004796c   0x00000058   Code   RO         4083    i.hci_encryption_key_refresh_complete_event_push  libbluenrg1_stack.a(ll_routines_master.o)
    0x100479c4   0x100479c4   0x00000002   Code   RO         3763    i.hci_le_advertising_report_event  libbluenrg1_stack.a(aci_events.o)
    0x100479c6   0x100479c6   0x00000002   Code   RO         3764    i.hci_le_connection_complete_event  libbluenrg1_stack.a(aci_events.o)
    0x100479c8   0x100479c8   0x00000088   Code   RO         4085    i.hci_le_connection_complete_event_push  libbluenrg1_stack.a(ll_routines_master.o)
    0x10047a50   0x10047a50   0x00000002   Code   RO         3765    i.hci_le_connection_update_complete_event  libbluenrg1_stack.a(aci_events.o)
    0x10047a52   0x10047a52   0x00000002   PAD
    0x10047a54   0x10047a54   0x0000006c   Code   RO         4086    i.hci_le_connection_update_complete_event_push  libbluenrg1_stack.a(ll_routines_master.o)
    0x10047ac0   0x10047ac0   0x00000002   Code   RO         3766    i.hci_le_data_length_change_event  libbluenrg1_stack.a(aci_events.o)
    0x10047ac2   0x10047ac2   0x00000002   Code   RO         3767    i.hci_le_direct_advertising_report_event  libbluenrg1_stack.a(aci_events.o)
    0x10047ac4   0x10047ac4   0x0000000a   Code   RO         3929    i.hci_le_encrypt    libbluenrg1_stack.a(hci.o)
    0x10047ace   0x10047ace   0x00000002   Code   RO         3768    i.hci_le_enhanced_connection_complete_event  libbluenrg1_stack.a(aci_events.o)
    0x10047ad0   0x10047ad0   0x00000002   Code   RO         3769    i.hci_le_generate_dhkey_complete_event  libbluenrg1_stack.a(aci_events.o)
    0x10047ad2   0x10047ad2   0x00000002   Code   RO         3770    i.hci_le_long_term_key_request_event  libbluenrg1_stack.a(aci_events.o)
    0x10047ad4   0x10047ad4   0x00000002   Code   RO         3771    i.hci_le_read_local_p256_public_key_complete_event  libbluenrg1_stack.a(aci_events.o)
    0x10047ad6   0x10047ad6   0x00000002   Code   RO         3772    i.hci_le_read_remote_used_features_complete_event  libbluenrg1_stack.a(aci_events.o)
    0x10047ad8   0x10047ad8   0x00000002   Code   RO         3773    i.hci_number_of_completed_packets_event  libbluenrg1_stack.a(aci_events.o)
    0x10047ada   0x10047ada   0x00000002   Code   RO         3774    i.hci_read_remote_version_information_complete_event  libbluenrg1_stack.a(aci_events.o)
    0x10047adc   0x10047adc   0x0000006c   Code   RO         3970    i.hci_rx_acl_data   libbluenrg1_stack.a(hci.o)
    0x10047b48   0x10047b48   0x00000004   Code   RO         3775    i.hci_rx_acl_data_event  libbluenrg1_stack.a(aci_events.o)
    0x10047b4c   0x10047b4c   0x00000044   Code   RO         3973    i.hci_tx_acl_data_done  libbluenrg1_stack.a(hci.o)
    0x10047b90   0x10047b90   0x00000010   Code   RO         4234    i.int32ToLe4Byte    libbluenrg1_stack.a(rom_ll_ll_routines.o)
    0x10047ba0   0x10047ba0   0x00000010   Code   RO         4592    i.int32ToLe4Byte    libbluenrg1_stack.a(sdb.o)
    0x10047bb0   0x10047bb0   0x00000040   Code   RO         3796    i.int_cb_hci_acl_data_ind_event  libbluenrg1_stack.a(acl.o)
    0x10047bf0   0x10047bf0   0x00000054   Code   RO         3797    i.int_cb_hci_acl_data_tx_cmpl_event  libbluenrg1_stack.a(acl.o)
    0x10047c44   0x10047c44   0x00000026   Code   RO         3776    i.int_cb_hci_disconnection_complete_event  libbluenrg1_stack.a(aci_events.o)
    0x10047c6a   0x10047c6a   0x0000001a   Code   RO         3777    i.int_cb_hci_encryption_change_event  libbluenrg1_stack.a(aci_events.o)
    0x10047c84   0x10047c84   0x0000001a   Code   RO         3778    i.int_cb_hci_encryption_key_refresh_complete_event  libbluenrg1_stack.a(aci_events.o)
    0x10047c9e   0x10047c9e   0x0000001e   Code   RO         3779    i.int_cb_hci_le_advertising_report_event  libbluenrg1_stack.a(aci_events.o)
    0x10047cbc   0x10047cbc   0x00000026   Code   RO         3780    i.int_cb_hci_le_connection_complete_event  libbluenrg1_stack.a(aci_events.o)
    0x10047ce2   0x10047ce2   0x00000010   Code   RO         3781    i.int_cb_hci_le_data_length_change_event  libbluenrg1_stack.a(aci_events.o)
    0x10047cf2   0x10047cf2   0x0000001e   Code   RO         3782    i.int_cb_hci_le_direct_advertising_report_event  libbluenrg1_stack.a(aci_events.o)
    0x10047d10   0x10047d10   0x00000026   Code   RO         3783    i.int_cb_hci_le_enhanced_connection_complete_event  libbluenrg1_stack.a(aci_events.o)
    0x10047d36   0x10047d36   0x0000001a   Code   RO         3784    i.int_cb_hci_le_generate_dhkey_complete_event  libbluenrg1_stack.a(aci_events.o)
    0x10047d50   0x10047d50   0x0000000c   Code   RO         3785    i.int_cb_hci_le_long_term_key_request_event  libbluenrg1_stack.a(aci_events.o)
    0x10047d5c   0x10047d5c   0x0000001a   Code   RO         3786    i.int_cb_hci_le_read_local_p256_public_key_complete_event  libbluenrg1_stack.a(aci_events.o)
    0x10047d76   0x10047d76   0x00000002   PAD
    0x10047d78   0x10047d78   0x00000034   Code   RO         4130    i.is_slave          libbluenrg1_stack.a(multi_master_time.o)
    0x10047dac   0x10047dac   0x00000020   Code   RO         3798    i.isr_Acl_Data_Indication_Queue_Full  libbluenrg1_stack.a(acl.o)
    0x10047dcc   0x10047dcc   0x00000020   Code   RO         3799    i.isr_Acl_Data_TX_Cmpl_Queue_Full  libbluenrg1_stack.a(acl.o)
    0x10047dec   0x10047dec   0x000003d0   Code   RO         3640    i.isr_advertise_state  libbluenrg1_stack.a(ll_isr.o)
    0x100481bc   0x100481bc   0x000007e8   Code   RO         3642    i.isr_connect_slave_state  libbluenrg1_stack.a(ll_isr.o)
    0x100489a4   0x100489a4   0x00000660   Code   RO         4089    i.isr_event_handler  libbluenrg1_stack.a(ll_routines_master.o)
    0x10049004   0x10049004   0x00000002   Code   RO         4091    i.isr_event_handler_scan_data_ucfg  libbluenrg1_stack.a(ll_routines_master.o)
    0x10049006   0x10049006   0x00000002   PAD
    0x10049008   0x10049008   0x000001f4   Code   RO         3977    i.isr_postproc      libbluenrg1_stack.a(isr_postproc.o)
    0x100491fc   0x100491fc   0x00000110   Code   RO         4190    i.isr_postproc1     libbluenrg1_stack.a(rom_ll_isr_postproc.o)
    0x1004930c   0x1004930c   0x00000016   Code   RO         4191    i.isr_postproc_encrypt_data  libbluenrg1_stack.a(rom_ll_isr_postproc.o)
    0x10049322   0x10049322   0x00000002   PAD
    0x10049324   0x10049324   0x00000038   Code   RO         3644    i.isr_test_rx_state  libbluenrg1_stack.a(ll_isr.o)
    0x1004935c   0x1004935c   0x00000068   Code   RO         3645    i.isr_test_tx_state  libbluenrg1_stack.a(ll_isr.o)
    0x100493c4   0x100493c4   0x0000002c   Code   RO         3646    i.isr_unknown_state  libbluenrg1_stack.a(ll_isr.o)
    0x100493f0   0x100493f0   0x0000000a   Code   RO         4203    i.le2ByteToInt16    libbluenrg1_stack.a(rom_ll_isr_routines.o)
    0x100493fa   0x100493fa   0x00000016   Code   RO         4204    i.le4ByteToInt32    libbluenrg1_stack.a(rom_ll_isr_routines.o)
    0x10049410   0x10049410   0x00000016   Code   RO         4236    i.le4ByteToInt32    libbluenrg1_stack.a(rom_ll_ll_routines.o)
    0x10049426   0x10049426   0x00000002   PAD
    0x10049428   0x10049428   0x00000020   Code   RO         4258    i.machine_time_trans  libbluenrg1_stack.a(rom_ll_timehandling.o)
    0x10049448   0x10049448   0x000000d4   Code   RO         3528    i.main              main.o
    0x1004951c   0x1004951c   0x000000b8   Code   RO         4099    i.mem_alloc_ctx_init  libbluenrg1_stack.a(mem_alloc.o)
    0x100495d4   0x100495d4   0x00000008   Code   RO         4273    i.microseconds_to_machine_time  libbluenrg1_stack.a(routines_support.o)
    0x100495dc   0x100495dc   0x0000001c   Code   RO         4252    i.modulo_37         libbluenrg1_stack.a(rom_ll_routines_support.o)
    0x100495f8   0x100495f8   0x0000007c   Code   RO         1857    i.nextRF_transaction  system_bluenrg1.o
    0x10049674   0x10049674   0x00000018   Code   RO         4131    i.nsar_init         libbluenrg1_stack.a(multi_master_time.o)
    0x1004968c   0x1004968c   0x0000001c   Code   RO         4132    i.nsar_insertSlotListEntry  libbluenrg1_stack.a(multi_master_time.o)
    0x100496a8   0x100496a8   0x000000c0   Code   RO         4133    i.nsar_searchBestFreeSlot  libbluenrg1_stack.a(multi_master_time.o)
    0x10049768   0x10049768   0x00000022   Code   RO         4135    i.nsar_updateBestFreeSlot  libbluenrg1_stack.a(multi_master_time.o)
    0x1004978a   0x1004978a   0x00000002   PAD
    0x1004978c   0x1004978c   0x0000006c   Code   RO         4136    i.nsar_updateSlotListEntry  libbluenrg1_stack.a(multi_master_time.o)
    0x100497f8   0x100497f8   0x0000007c   Code   RO         2762    i.prvAddCurrentTaskToDelayedList  tasks.o
    0x10049874   0x10049874   0x000000ac   Code   RO         2763    i.prvAddNewTaskToReadyList  tasks.o
    0x10049920   0x10049920   0x00000068   Code   RO         3288    i.prvCheckForValidListAndQueue  timers.o
    0x10049988   0x10049988   0x00000048   Code   RO         2764    i.prvCheckTasksWaitingTermination  tasks.o
    0x100499d0   0x100499d0   0x0000002c   Code   RO         2516    i.prvCopyDataFromQueue  queue.o
    0x100499fc   0x100499fc   0x00000080   Code   RO         2517    i.prvCopyDataToQueue  queue.o
    0x10049a7c   0x10049a7c   0x00000012   Code   RO         2765    i.prvDeleteTCB      tasks.o
    0x10049a8e   0x10049a8e   0x00000016   Code   RO         2518    i.prvGetDisinheritPriorityAfterTimeout  queue.o
    0x10049aa4   0x10049aa4   0x00000050   Code   RO         2766    i.prvGetExpectedIdleTime  tasks.o
    0x10049af4   0x10049af4   0x0000002c   Code   RO         3289    i.prvGetNextExpireTime  timers.o
    0x10049b20   0x10049b20   0x00000038   Code   RO         3134    i.prvHeapInit       heap_2.o
    0x10049b58   0x10049b58   0x00000060   Code   RO         2767    i.prvIdleTask       tasks.o
    0x10049bb8   0x10049bb8   0x00000020   Code   RO         2519    i.prvInitialiseMutex  queue.o
    0x10049bd8   0x10049bd8   0x0000002c   Code   RO         2520    i.prvInitialiseNewQueue  queue.o
    0x10049c04   0x10049c04   0x000000ba   Code   RO         2768    i.prvInitialiseNewTask  tasks.o
    0x10049cbe   0x10049cbe   0x00000002   PAD
    0x10049cc0   0x10049cc0   0x00000064   Code   RO         2769    i.prvInitialiseTaskLists  tasks.o
    0x10049d24   0x10049d24   0x00000054   Code   RO         3291    i.prvInsertTimerInActiveList  timers.o
    0x10049d78   0x10049d78   0x0000001c   Code   RO         2521    i.prvIsQueueEmpty   queue.o
    0x10049d94   0x10049d94   0x0000001e   Code   RO         2522    i.prvIsQueueFull    queue.o
    0x10049db2   0x10049db2   0x00000002   PAD
    0x10049db4   0x10049db4   0x00000058   Code   RO         3292    i.prvProcessExpiredTimer  timers.o
    0x10049e0c   0x10049e0c   0x000000e0   Code   RO         3293    i.prvProcessReceivedCommands  timers.o
    0x10049eec   0x10049eec   0x0000006c   Code   RO         3294    i.prvProcessTimerOrBlockTask  timers.o
    0x10049f58   0x10049f58   0x00000038   Code   RO         2771    i.prvResetNextTaskUnblockTime  tasks.o
    0x10049f90   0x10049f90   0x0000002c   Code   RO         3295    i.prvSampleTimeNow  timers.o
    0x10049fbc   0x10049fbc   0x0000001c   Code   RO         3175    i.prvSetupTimerInterrupt  port.o
    0x10049fd8   0x10049fd8   0x00000090   Code   RO         3296    i.prvSwitchTimerLists  timers.o
    0x1004a068   0x1004a068   0x00000024   Code   RO         3176    i.prvTaskExitError  port.o
    0x1004a08c   0x1004a08c   0x0000001a   Code   RO         3297    i.prvTimerTask      timers.o
    0x1004a0a6   0x1004a0a6   0x0000008e   Code   RO         2523    i.prvUnlockQueue    queue.o
    0x1004a134   0x1004a134   0x000000c4   Code   RO         3135    i.pvPortMalloc      heap_2.o
    0x1004a1f8   0x1004a1f8   0x00000020   Code   RO         2774    i.pvTaskIncrementMutexHeldCount  tasks.o
    0x1004a218   0x1004a218   0x00000020   Code   RO         3177    i.pxPortInitialiseStack  port.o
    0x1004a238   0x1004a238   0x0000007c   Code   RO         4073    i.read_rssi         libbluenrg1_stack.a(ll_routines.o)
    0x1004a2b4   0x1004a2b4   0x000000b0   Code   RO         4141    i.schedule_advertise_slot  libbluenrg1_stack.a(multi_master_time.o)
    0x1004a364   0x1004a364   0x00000164   Code   RO         4593    i.sdb_delete        libbluenrg1_stack.a(sdb.o)
    0x1004a4c8   0x1004a4c8   0x000000c4   Code   RO         4594    i.sdb_find_client_data  libbluenrg1_stack.a(sdb.o)
    0x1004a58c   0x1004a58c   0x00000018   Code   RO         4595    i.sdb_get_gatt_db_start_address  libbluenrg1_stack.a(sdb.o)
    0x1004a5a4   0x1004a5a4   0x00000020   Code   RO         4596    i.sdb_invalidate_record  libbluenrg1_stack.a(sdb.o)
    0x1004a5c4   0x1004a5c4   0x00000014   Code   RO         4597    i.sdb_read_address_type  libbluenrg1_stack.a(sdb.o)
    0x1004a5d8   0x1004a5d8   0x00000024   Code   RO         4598    i.sdb_read_record   libbluenrg1_stack.a(sdb.o)
    0x1004a5fc   0x1004a5fc   0x00000014   Code   RO         4599    i.sdb_read_record_validity  libbluenrg1_stack.a(sdb.o)
    0x1004a610   0x1004a610   0x0000007c   Code   RO         4600    i.sdb_write_record  libbluenrg1_stack.a(sdb.o)
    0x1004a68c   0x1004a68c   0x00000004   Code   RO         4396    i.secure_connections_csr_ucfg  libbluenrg1_stack.a(smp_scv42_sap.o)
    0x1004a690   0x1004a690   0x00000088   Code   RO         4259    i.set_freq          libbluenrg1_stack.a(rom_ll_timehandling.o)
    0x1004a718   0x1004a718   0x0000001c   Code   RO         4260    i.set_sca           libbluenrg1_stack.a(rom_ll_timehandling.o)
    0x1004a734   0x1004a734   0x00000010   Code   RO         3911    i.set_string        libbluenrg1_stack.a(hal.o)
    0x1004a744   0x1004a744   0x00000208   Code   RO         4274    i.slave_advance     libbluenrg1_stack.a(routines_support.o)
    0x1004a94c   0x1004a94c   0x00000036   Code   RO         4615    i.sma_Calculate_Hash  libbluenrg1_stack.a(smp_algo_sap.o)
    0x1004a982   0x1004a982   0x00000032   Code   RO         4373    i.smp_Keys_Distribution_Complete  libbluenrg1_stack.a(smp_common.o)
    0x1004a9b4   0x1004a9b4   0x00000004   Code   RO         4306    i.smp_MI_Start_Encryption_ucfg  libbluenrg1_stack.a(securitymgr.o)
    0x1004a9b8   0x1004a9b8   0x00000148   Code   RO         4374    i.smp_add_pairing_record_to_bonding_database  libbluenrg1_stack.a(smp_common.o)
    0x1004ab00   0x1004ab00   0x00000044   Code   RO         4376    i.smp_find_remote_device_index  libbluenrg1_stack.a(smp_common.o)
    0x1004ab44   0x1004ab44   0x00000038   Code   RO         4377    i.smp_flush_rx_queues  libbluenrg1_stack.a(smp_common.o)
    0x1004ab7c   0x1004ab7c   0x00000078   Code   RO         4385    i.smp_pairing_completed  libbluenrg1_stack.a(smp_common.o)
    0x1004abf4   0x1004abf4   0x00000002   Code   RO         4398    i.smp_sc_hci_le_generate_dhkey_complete_evt_hndl_ucfg  libbluenrg1_stack.a(smp_scv42_sap.o)
    0x1004abf6   0x1004abf6   0x00000002   Code   RO         4400    i.smp_sc_hci_le_read_local_p256_public_key_complete_evt_hndl_ucfg  libbluenrg1_stack.a(smp_scv42_sap.o)
    0x1004abf8   0x1004abf8   0x00000002   Code   RO         4633    i.smp_sc_init_ucfg  libbluenrg1_stack.a(smp_scv42_caf.o)
    0x1004abfa   0x1004abfa   0x00000002   Code   RO         4643    i.smp_sc_update_statistics_on_pairing_complete_ucfg  libbluenrg1_stack.a(smp_scv42_caf.o)
    0x1004abfc   0x1004abfc   0x00000038   Code   RO         4391    i.smp_update_statistics_on_pairing_complete  libbluenrg1_stack.a(smp_common.o)
    0x1004ac34   0x1004ac34   0x000000d0   Code   RO         4142    i.start_timebase    libbluenrg1_stack.a(multi_master_time.o)
    0x1004ad04   0x1004ad04   0x00000002   Code   RO         3647    i.state_func_call_init_csr_ucfg  libbluenrg1_stack.a(ll_isr.o)
    0x1004ad06   0x1004ad06   0x00000002   PAD
    0x1004ad08   0x1004ad08   0x0000013c   Code   RO         4275    i.swap_slaves       libbluenrg1_stack.a(routines_support.o)
    0x1004ae44   0x1004ae44   0x0000000a   Code   RO         4143    i.swap_u16          libbluenrg1_stack.a(multi_master_time.o)
    0x1004ae4e   0x1004ae4e   0x0000000a   Code   RO         4276    i.swap_u16          libbluenrg1_stack.a(routines_support.o)
    0x1004ae58   0x1004ae58   0x0000000a   Code   RO         4277    i.swap_u32          libbluenrg1_stack.a(routines_support.o)
    0x1004ae62   0x1004ae62   0x0000000a   Code   RO         4278    i.swap_u8           libbluenrg1_stack.a(routines_support.o)
    0x1004ae6c   0x1004ae6c   0x00000010   Code   RO         4261    i.system_time_trans  libbluenrg1_stack.a(rom_ll_timehandling.o)
    0x1004ae7c   0x1004ae7c   0x00000030   Code   RO         4262    i.system_time_trans_ext  libbluenrg1_stack.a(rom_ll_timehandling.o)
    0x1004aeac   0x1004aeac   0x0000004c   Code   RO         3529    i.taskTest          main.o
    0x1004aef8   0x1004aef8   0x0000000e   Code   RO         4263    i.time_offset1      libbluenrg1_stack.a(rom_ll_timehandling.o)
    0x1004af06   0x1004af06   0x00000002   PAD
    0x1004af08   0x1004af08   0x00000010   Code   RO         4264    i.time_offset2      libbluenrg1_stack.a(rom_ll_timehandling.o)
    0x1004af18   0x1004af18   0x00000038   Code   RO         4144    i.timebase_start_connect  libbluenrg1_stack.a(multi_master_time.o)
    0x1004af50   0x1004af50   0x0000002e   Code   RO         4205    i.unpack_channel_map  libbluenrg1_stack.a(rom_ll_isr_routines.o)
    0x1004af7e   0x1004af7e   0x00000048   Code   RO         4206    i.unpack_update_request  libbluenrg1_stack.a(rom_ll_isr_routines.o)
    0x1004afc6   0x1004afc6   0x00000028   Code   RO         3251    i.uxListRemove      list.o
    0x1004afee   0x1004afee   0x00000006   Code   RO         3530    i.vApplicationMallocFailedHook  main.o
    0x1004aff4   0x1004aff4   0x00000006   Code   RO         3531    i.vApplicationStackOverflowHook  main.o
    0x1004affa   0x1004affa   0x00000002   Code   RO         3532    i.vApplicationTickHook  main.o
    0x1004affc   0x1004affc   0x0000001a   Code   RO         3252    i.vListInitialise   list.o
    0x1004b016   0x1004b016   0x00000006   Code   RO         3253    i.vListInitialiseItem  list.o
    0x1004b01c   0x1004b01c   0x00000036   Code   RO         3254    i.vListInsert       list.o
    0x1004b052   0x1004b052   0x00000018   Code   RO         3255    i.vListInsertEnd    list.o
    0x1004b06a   0x1004b06a   0x00000002   PAD
    0x1004b06c   0x1004b06c   0x0000001c   Code   RO         3179    i.vPortEnterCritical  port.o
    0x1004b088   0x1004b088   0x00000028   Code   RO         3180    i.vPortExitCritical  port.o
    0x1004b0b0   0x1004b0b0   0x00000044   Code   RO         3136    i.vPortFree         heap_2.o
    0x1004b0f4   0x1004b0f4   0x0000009c   Code   RO         3427    i.vPortSuppressTicksAndSleep  freertos_lp.o
    0x1004b190   0x1004b190   0x00000018   Code   RO         3181    i.vPortYield        port.o
    0x1004b1a8   0x1004b1a8   0x0000002c   Code   RO         2529    i.vQueueAddToRegistry  queue.o
    0x1004b1d4   0x1004b1d4   0x0000004c   Code   RO         2533    i.vQueueWaitForMessageRestricted  queue.o
    0x1004b220   0x1004b220   0x0000009c   Code   RO         2783    i.vTaskDelayUntil   tasks.o
    0x1004b2bc   0x1004b2bc   0x00000018   Code   RO         2787    i.vTaskInternalSetTimeOutState  tasks.o
    0x1004b2d4   0x1004b2d4   0x0000000c   Code   RO         2788    i.vTaskMissedYield  tasks.o
    0x1004b2e0   0x1004b2e0   0x0000002c   Code   RO         2790    i.vTaskPlaceOnEventList  tasks.o
    0x1004b30c   0x1004b30c   0x00000034   Code   RO         2791    i.vTaskPlaceOnEventListRestricted  tasks.o
    0x1004b340   0x1004b340   0x000000b0   Code   RO         2793    i.vTaskPriorityDisinheritAfterTimeout  tasks.o
    0x1004b3f0   0x1004b3f0   0x00000078   Code   RO         2799    i.vTaskStartScheduler  tasks.o
    0x1004b468   0x1004b468   0x00000034   Code   RO         2800    i.vTaskStepTick     tasks.o
    0x1004b49c   0x1004b49c   0x00000010   Code   RO         2802    i.vTaskSuspendAll   tasks.o
    0x1004b4ac   0x1004b4ac   0x000000b4   Code   RO         2803    i.vTaskSwitchContext  tasks.o
    0x1004b560   0x1004b560   0x00000024   Code   RO         4192    i.wait_for_aes_ready  libbluenrg1_stack.a(rom_ll_isr_postproc.o)
    0x1004b584   0x1004b584   0x0000007c   Code   RO         4237    i.wait_for_prescheduled_slot_cancellation  libbluenrg1_stack.a(rom_ll_ll_routines.o)
    0x1004b600   0x1004b600   0x00000038   Code   RO         3182    i.xPortStartScheduler  port.o
    0x1004b638   0x1004b638   0x0000001e   Code   RO         2535    i.xQueueCreateMutex  queue.o
    0x1004b656   0x1004b656   0x00000054   Code   RO         2536    i.xQueueGenericCreate  queue.o
    0x1004b6aa   0x1004b6aa   0x00000082   Code   RO         2537    i.xQueueGenericReset  queue.o
    0x1004b72c   0x1004b72c   0x0000015a   Code   RO         2538    i.xQueueGenericSend  queue.o
    0x1004b886   0x1004b886   0x000000bc   Code   RO         2539    i.xQueueGenericSendFromISR  queue.o
    0x1004b942   0x1004b942   0x000000aa   Code   RO         2540    i.xQueueGiveFromISR  queue.o
    0x1004b9ec   0x1004b9ec   0x00000138   Code   RO         2546    i.xQueueReceive     queue.o
    0x1004bb24   0x1004bb24   0x0000017e   Code   RO         2548    i.xQueueSemaphoreTake  queue.o
    0x1004bca2   0x1004bca2   0x00000002   PAD
    0x1004bca4   0x1004bca4   0x00000074   Code   RO         2804    i.xTaskCheckForTimeOut  tasks.o
    0x1004bd18   0x1004bd18   0x0000005c   Code   RO         2805    i.xTaskCreate       tasks.o
    0x1004bd74   0x1004bd74   0x00000024   Code   RO         2809    i.xTaskGetSchedulerState  tasks.o
    0x1004bd98   0x1004bd98   0x0000000c   Code   RO         2810    i.xTaskGetTickCount  tasks.o
    0x1004bda4   0x1004bda4   0x0000014c   Code   RO         2812    i.xTaskIncrementTick  tasks.o
    0x1004bef0   0x1004bef0   0x00000088   Code   RO         2815    i.xTaskPriorityDisinherit  tasks.o
    0x1004bf78   0x1004bf78   0x000000a4   Code   RO         2816    i.xTaskPriorityInherit  tasks.o
    0x1004c01c   0x1004c01c   0x0000008c   Code   RO         2817    i.xTaskRemoveFromEventList  tasks.o
    0x1004c0a8   0x1004c0a8   0x000000f0   Code   RO         2818    i.xTaskResumeAll    tasks.o
    0x1004c198   0x1004c198   0x00000048   Code   RO         3303    i.xTimerCreateTimerTask  timers.o
    0x1004c1e0   0x1004c1e0   0x00000074   Code   RO         3304    i.xTimerGenericCommand  timers.o
    0x1004c254   0x1004c254   0x00000070   Data   RO         2297    .constdata          sdk_eval_config.o
    0x1004c2c4   0x1004c2c4   0x00000034   Data   RO         3533    .constdata          main.o
    0x1004c2f8   0x1004c2f8   0x0000001a   Data   RO         3648    .constdata          libbluenrg1_stack.a(ll_isr.o)
    0x1004c312   0x1004c312   0x00000002   PAD
    0x1004c314   0x1004c314   0x0000011c   Data   RO         3787    .constdata          libbluenrg1_stack.a(aci_events.o)
    0x1004c430   0x1004c430   0x00000010   Data   RO         4265    .constdata          libbluenrg1_stack.a(rom_ll_timehandling.o)
    0x1004c440   0x1004c440   0x0000004c   Data   RO          320    .conststring        bluenrg1_flash.o
    0x1004c48c   0x1004c48c   0x0000004b   Data   RO          425    .conststring        bluenrg1_gpio.o
    0x1004c4d7   0x1004c4d7   0x00000001   PAD
    0x1004c4d8   0x1004c4d8   0x0000004e   Data   RO         1253    .conststring        bluenrg1_sysctrl.o
    0x1004c526   0x1004c526   0x00000002   PAD
    0x1004c528   0x1004c528   0x0000004b   Data   RO         1558    .conststring        bluenrg1_uart.o
    0x1004c573   0x1004c573   0x00000001   PAD
    0x1004c574   0x1004c574   0x00000042   Data   RO         1787    .conststring        misc.o
    0x1004c5b6   0x1004c5b6   0x00000002   PAD
    0x1004c5b8   0x1004c5b8   0x000000a0   Data   RO         5051    Region$$Table       anon$$obj.o


    Execution Region BLOCK_STACKLIB_FLASH_DATA (Exec base: 0x10067000, Load base: 0x1004c658, Size: 0x00000838, Max: 0x00001000, ABSOLUTE, UNINIT)

    Exec Addr    Load Addr    Size         Type   Attr      Idx    E Section Name        Object

    0x10067000        -       0x00000800   Zero   RW         3536    .noinit.stacklib_flash_data  main.o
    0x10067800        -       0x00000038   Zero   RW         3537    .noinit.stacklib_stored_device_id_data  main.o


    Execution Region ota_sw_activation_block (Exec base: 0x20000004, Load base: 0x1004c658, Size: 0x00000000, Max: 0x00000004, ABSOLUTE, UNINIT)

    **** No section assigned to this execution region ****


    Execution Region savedMSP_block (Exec base: 0x20000008, Load base: 0x1004c658, Size: 0x00000004, Max: 0x00000004, ABSOLUTE)

    Exec Addr    Load Addr    Size         Type   Attr      Idx    E Section Name        Object

    0x20000008   0x1004c658   0x00000004   Data   RW         1868    .savedMSP           system_bluenrg1.o


    Execution Region wakeupFromSleepFlag_block (Exec base: 0x2000000c, Load base: 0x1004c65c, Size: 0x00000004, Max: 0x00000004, ABSOLUTE)

    Exec Addr    Load Addr    Size         Type   Attr      Idx    E Section Name        Object

    0x2000000c   0x1004c65c   0x00000001   Data   RW         1869    .wakeupFromSleepFlag  system_bluenrg1.o


    Execution Region app_base_block (Exec base: 0x20000010, Load base: 0x1004c660, Size: 0x00000004, Max: 0x00000004, ABSOLUTE)

    Exec Addr    Load Addr    Size         Type   Attr      Idx    E Section Name        Object

    0x20000010   0x1004c660   0x00000004   Data   RW         1860    .app_base           system_bluenrg1.o


    Execution Region flash_sw_lock_block (Exec base: 0x20000014, Load base: 0x1004c664, Size: 0x00000004, Max: 0x00000004, ABSOLUTE)

    Exec Addr    Load Addr    Size         Type   Attr      Idx    E Section Name        Object

    0x20000014   0x1004c664   0x00000004   Data   RW         1864    .flash_sw_lock      system_bluenrg1.o


    Execution Region rfTimeout_block (Exec base: 0x20000018, Load base: 0x1004c668, Size: 0x00000004, Max: 0x00000004, ABSOLUTE)

    Exec Addr    Load Addr    Size         Type   Attr      Idx    E Section Name        Object

    0x20000018   0x1004c668   0x00000004   Data   RW         1867    .rfTimeout          system_bluenrg1.o


    Execution Region BOR_config_block (Exec base: 0x2000001c, Load base: 0x1004c66c, Size: 0x00000008, Max: 0x00000008, ABSOLUTE)

    Exec Addr    Load Addr    Size         Type   Attr      Idx    E Section Name        Object

    0x2000001c   0x1004c66c   0x00000007   Data   RW         1858    .BOR_config         system_bluenrg1.o


    Execution Region Blue_Flag_Ram_block (Exec base: 0x20000030, Load base: 0x1004c674, Size: 0x00000004, Max: 0x00000004, ABSOLUTE)

    Exec Addr    Load Addr    Size         Type   Attr      Idx    E Section Name        Object

    0x20000030   0x1004c674   0x00000004   Data   RW         1859    .__blueflag_RAM     system_bluenrg1.o


    Execution Region Crash_Info_block (Exec base: 0x20000034, Load base: 0x1004c678, Size: 0x00000000, Max: 0x00000028, ABSOLUTE, UNINIT)

    **** No section assigned to this execution region ****


    Execution Region BLUE (Exec base: 0x200000c0, Load base: 0x1004c678, Size: 0x0000020c, Max: 0x0000020c, ABSOLUTE, COMPRESSED[0x00000008])

    Exec Addr    Load Addr    Size         Type   Attr      Idx    E Section Name        Object

    0x200000c0   COMPRESSED   0x0000020c   Data   RW         1862    .bss.__blue_RAM     system_bluenrg1.o


    Execution Region REGION_RAM2 (Exec base: 0x200002cc, Load base: 0x1004c680, Size: 0x00001490, Max: 0x00005d34, ABSOLUTE)

    Exec Addr    Load Addr    Size         Type   Attr      Idx    E Section Name        Object

    0x200002cc   0x1004c680   0x0000000c   Data   RW         1863    .data               system_bluenrg1.o
    0x200002d8   0x1004c68c   0x00000014   Data   RW         2200    .data               sdk_eval_com.o
    0x200002ec   0x1004c6a0   0x00000010   Data   RW         2298    .data               sdk_eval_config.o
    0x200002fc   0x1004c6b0   0x00000004   Data   RW         2434    .data               sleep.o
    0x20000300   0x1004c6b4   0x0000003c   Data   RW         2821    .data               tasks.o
    0x2000033c   0x1004c6f0   0x00000018   Data   RW         3140    .data               heap_2.o
    0x20000354   0x1004c708   0x00000004   Data   RW         3183    .data               port.o
    0x20000358   0x1004c70c   0x00000014   Data   RW         3310    .data               timers.o
    0x2000036c   0x1004c720   0x00000002   Data   RW         3428    .data               freertos_lp.o
    0x2000036e   0x1004c722   0x00000002   PAD
    0x20000370   0x1004c724   0x00000010   Data   RW         3534    .data               main.o
    0x20000380   0x1004c734   0x00000048   Data   RW         3649    .data               libbluenrg1_stack.a(ll_isr.o)
    0x200003c8   0x1004c77c   0x00000004   Data   RW         4101    .data               libbluenrg1_stack.a(mem_alloc.o)
    0x200003cc   0x1004c780   0x00000004   Data   RW         4392    .data               libbluenrg1_stack.a(smp_common.o)
    0x200003d0        -       0x00000020   Zero   RW         1861    .bss                system_bluenrg1.o
    0x200003f0        -       0x00000074   Zero   RW         2433    .bss                sleep.o
    0x20000464        -       0x00000040   Zero   RW         2550    .bss                queue.o
    0x200004a4        -       0x000000c8   Zero   RW         2820    .bss                tasks.o
    0x2000056c        -       0x00001194   Zero   RW         3139    .bss                heap_2.o
    0x20001700        -       0x00000028   Zero   RW         3309    .bss                timers.o
    0x20001728        -       0x00000034   Zero   RW         4100    .bss                libbluenrg1_stack.a(mem_alloc.o)


    Execution Region REGION_RAM3 (Exec base: 0x2000175c, Load base: 0x1004c784, Size: 0x00001ee4, Max: 0x00005d34, ABSOLUTE, UNINIT)

    Exec Addr    Load Addr    Size         Type   Attr      Idx    E Section Name        Object

    0x2000175c        -       0x00001ee4   Zero   RW         3535    .noinit.data        main.o


    Execution Region ARM_LIB_STACKHEAP (Exec base: 0x20005400, Load base: 0x1004c784, Size: 0x00000c00, Max: 0x00000c00, ABSOLUTE)

    Exec Addr    Load Addr    Size         Type   Attr      Idx    E Section Name        Object

    0x20005400        -       0x00000c00   Zero   RW            2    ARM_LIB_STACKHEAP.bss  anon$$obj.o


==============================================================================

Image component sizes


      Code (inc. data)   RO Data    RW Data    ZI Data      Debug   Object Name

         0          0          0          0          0       6108   ble_utils.o
         0          0          0          0          0      26880   bluenrg1_adc.o
       184         44         76          0          0       1958   bluenrg1_flash.o
       516         18         75          0          0       9458   bluenrg1_gpio.o
        48          8          0          0          0       4020   bluenrg1_it.o
        34          0          0          0          0        528   bluenrg1_pka.o
       296         28         78          0          0       1600   bluenrg1_sysctrl.o
         0          0          0          0          0       1056   bluenrg1_timer.o
       996         58         75          0          0       8288   bluenrg1_uart.o
       164         36          0          0          0        540   context_switch.o
       156         12          0          2          0       1199   freertos_lp.o
       320         48          0         24       4500       3955   heap_2.o
       150          0          0          0          0       3538   list.o
       346        102         52         16      10012       6819   main.o
        64         10         66          0          0        617   misc.o
       142         20          0          0          0       4030   miscutil.o
        60          0          0          0          0       2066   osal.o
       402         58          0          4          0       7316   port.o
      2232          4          0          0         64      29996   queue.o
         0          0          0          0          0       1244   sdk_eval_button.o
       196         16          0         20          0       4583   sdk_eval_com.o
        24         10        112         16          0       3893   sdk_eval_config.o
       178          4          0          0          0       2577   sdk_eval_led.o
      1608        124          0          4        116      10827   sleep.o
      1260        128        192        564         32      27391   system_bluenrg1.o
      3128        430          0         60        200      29130   tasks.o
      1054        110          0         20         40      14675   timers.o

    ----------------------------------------------------------------------
     13582       1268        892        736      20084     214292   Object Totals
         0          0        160          0       5120          0   (incl. Generated)
        24          0          6          6          0          0   (incl. Padding)

    ----------------------------------------------------------------------

      Code (inc. data)   RO Data    RW Data    ZI Data      Debug   Library Member Name

      2852        264        284          0          0          0   aci_events.o
       472         44          0          0          0          0   acl.o
       132          0          0          0          0          0   acl_list.o
      1660         40          0          0          0          0   advance_wakeup_time.o
        38          0          0          0          0          0   att.o
       892         96          0          0          0          0   bluenrg_main_func.o
       268         22          0          0          0          0   bluenrg_main_func_speed.o
       578         36          0          0          0          0   gap.o
        60          4          0          0          0          0   gatt_client.o
      1114         54          0          0          0          0   gatt_server.o
       384         30          0          0          0          0   hal.o
       302         20          0          0          0          0   hci.o
       970        106          0          0          0          0   host_timer.o
       500         32          0          0          0          0   isr_postproc.o
       344         18          0          0          0          0   isr_routines.o
      1856         60          0          0          0          0   l2cap.o
      4042        186         26         72          0          0   ll_isr.o
       512         48          0          0          0          0   ll_privacy.o
       132         10          0          0          0          0   ll_routines.o
      2058         42          0          0          0          0   ll_routines_master.o
       160         18          0          0          0          0   ll_routines_support.o
       840         28          0          4         52          0   mem_alloc.o
       686          0          0          0          0          0   mem_buff.o
      2972        110          0          0          0          0   multi_master_time.o
        76         16          0          0          0          0   nvm.o
       460         32          0          0          0          0   pm.o
       688         30          0          0          0          0   rom_gap.o
        64          4          0          0          0          0   rom_gatt_server.o
        94          0          0          0          0          0   rom_list.o
       330          8          0          0          0          0   rom_ll_isr_postproc.o
      1180         52          0          0          0          0   rom_ll_isr_routines.o
      1988        134          0          0          0          0   rom_ll_ll_routines.o
        64         12          0          0          0          0   rom_ll_routines_support.o
       316         44         16          0          0          0   rom_ll_timehandling.o
      1042         34          0          0          0          0   routines_support.o
      1646         52          0          0          0          0   sdb.o
         4          0          0          0          0          0   securitymgr.o
       212         10          0          0          0          0   smp_algo_sap.o
      2198        104          0          4          0          0   smp_common.o
         4          0          0          0          0          0   smp_scv42_caf.o
         8          0          0          0          0          0   smp_scv42_sap.o
        14          0          0          0          0          0   utils.o
        86          0          0          0          0          0   __dczerorl2.o
         0          0          0          0          0          0   entry.o
         0          0          0          0          0          0   entry10a.o
         0          0          0          0          0          0   entry11a.o
         4          0          0          0          0          0   entry12b.o
         8          4          0          0          0          0   entry3.o
         4          0          0          0          0          0   entry5.o
         0          0          0          0          0          0   entry7b.o
         0          0          0          0          0          0   entry8b.o
         8          4          0          0          0          0   entry9a.o
        30          0          0          0          0          0   handlers.o
        36          8          0          0          0         68   init.o
        32          0          0          0          0         68   llshl.o
        34          0          0          0          0         68   llushr.o
        26          0          0          0          0         72   memcmp.o
        66          0          0          0          0         68   memmove.o
        36          0          0          0          0        100   memseta.o
      1172         52          0          0          0        324   printf8.o
        44          0          0          0          0         72   uidiv.o
        96          0          0          0          0         84   uldiv.o
        20          0          0          0          0         60   uread4.o

    ----------------------------------------------------------------------
     35974       1868        328         80         52        984   Library Totals
        60          0          2          0          0          0   (incl. Padding)

    ----------------------------------------------------------------------

      Code (inc. data)   RO Data    RW Data    ZI Data      Debug   Library Name

     34212       1800        326         80         52          0   libbluenrg1_stack.a
      1702         68          0          0          0        984   mc_p.l

    ----------------------------------------------------------------------
     35974       1868        328         80         52        984   Library Totals

    ----------------------------------------------------------------------

==============================================================================


      Code (inc. data)   RO Data    RW Data    ZI Data      Debug   

     49556       3136       1220        816      20136     208760   Grand Totals
     49556       3136       1220        300      20136     208760   ELF Image Totals (compressed)
     49556       3136       1220        300          0          0   ROM Totals

==============================================================================

    Total RO  Size (Code + RO Data)                50776 (  49.59kB)
    Total RW  Size (RW Data + ZI Data)             20952 (  20.46kB)
    Total ROM Size (Code + RO Data + RW Data)      51076 (  49.88kB)

==============================================================================

