<html>
<body>
<pre>
<h1>µVision Build Log</h1>
<h2>Tool Versions:</h2>
IDE-Version: µVision V5.39.0.0
Copyright (C) 2023 ARM Ltd and ARM Germany GmbH. All rights reserved.
License Information: riccardo montagna, B810, LIC=G6F5U-SSYB0-97M8J-7QDCW-5HIEK-FK8B2
 
Tool Versions:
Toolchain:       MDK-ARM Cortex-M0/M0+ for ST  Version: 5.39.0.0
Toolchain Path:  C:\Keil_v5\ARM\ARM_Compiler_5.06u7\Bin
C Compiler:      Armcc.exe V5.06 update 7 (build 960)
Assembler:       Armasm.exe V5.06 update 7 (build 960)
Linker/Locator:  ArmLink.exe V5.06 update 7 (build 960)
Library Manager: ArmAr.exe V5.06 update 7 (build 960)
Hex Converter:   FromElf.exe V5.06 update 7 (build 960)
CPU DLL:         SARMCM3.DLL V5.39.0.0
Dialog DLL:      DARMCM1.DLL V1.19.6.0
Target DLL:      STLink\ST-LINKIII-KEIL_SWO.dll V3.2.0.0
Dialog DLL:      TARMCM1.DLL V1.14.6.0
 
<h2>Project:</h2>
C:\Users\ricca\Desktop\STEVAL-IDB007V2\Workspace_uVision\MyProject\MDK-ARM\MyProject.uvprojx
Project File Date:  02/11/2024

<h2>Output:</h2>
*** Using Compiler 'V5.06 update 7 (build 960)', folder: 'C:\Keil_v5\ARM\ARM_Compiler_5.06u7\Bin'
Rebuild target 'Release'
compiling BlueNRG1_dma.c...
compiling BlueNRG1_flash.c...
compiling BlueNRG1_adc.c...
compiling BlueNRG1_gpio.c...
compiling BlueNRG1_i2c.c...
compiling BlueNRG1_mft.c...
compiling BlueNRG1_rng.c...
compiling BlueNRG1_rtc.c...
compiling BlueNRG1_pka.c...
compiling BlueNRG1_spi.c...
compiling BlueNRG1_sysCtrl.c...
compiling BlueNRG1_timer.c...
compiling BlueNRG1_uart.c...
compiling BlueNRG1_wdg.c...
compiling misc.c...
assembling context_switch.s...
compiling system_BlueNRG1.c...
compiling miscutil.c...
compiling SDK_EVAL_Button.c...
compiling SDK_EVAL_Com.c...
compiling SDK_EVAL_Config.c...
compiling SDK_EVAL_Led.c...
compiling ble_utils.c...
compiling stack_user_cfg.c...
compiling osal.c...
compiling queue.c...
compiling heap_2.c...
compiling tasks.c...
compiling sleep.c...
compiling list.c...
compiling timers.c...
compiling port.c...
compiling BlueNRG1_it.c...
compiling freertos_lp.c...
compiling main.c...
linking...
Program Size: Code=49556 RO-data=1220 RW-data=816 ZI-data=20136  
FromELF: creating hex file...
After Build - User command #1: fromelf.exe --bin "STEVAL-IDB007V1M\Release\Objects\MyProject.axf" --output "STEVAL-IDB007V1M\Release\MyProject.bin"
".\STEVAL-IDB007V1M\Release\Objects\MyProject.axf" - 0 Error(s), 0 Warning(s).

<h2>Software Packages used:</h2>

Package Vendor: Keil
                https://www.keil.com/pack/Keil.STBlueNRG-1_DFP.1.2.1.pack
                Keil::STBlueNRG-1_DFP@1.2.1
                STMicroelectronics BlueNRG-1 Series Device Support

<h2>Collection of Component include folders:</h2>

<h2>Collection of Component Files used:</h2>
Build Time Elapsed:  00:00:11
</pre>
</body>
</html>
